06-19 11:27:33.196  1685  1685 D libEGL  : Emulator without GPU support detected. Fallback to software renderer.
06-19 11:27:33.196  1685  1685 D libEGL  : loaded /system/lib/egl/libGLES_android.so
06-19 11:27:33.326  1686  1686 D AndroidRuntime: 
06-19 11:27:33.326  1686  1686 D AndroidRuntime: >>>>>> AndroidRuntime START com.android.internal.os.ZygoteInit <<<<<<
06-19 11:27:33.326  1686  1686 D AndroidRuntime: CheckJNI is ON
06-19 11:27:33.356  1685  1685 W gralloc : page flipping not supported (yres_virtual=600, requested=1200)
06-19 11:27:33.356  1685  1685 I gralloc : using (fd=14)
06-19 11:27:33.356  1685  1685 I gralloc : id           = VESA VGA
06-19 11:27:33.356  1685  1685 I gralloc : xres         = 800 px
06-19 11:27:33.356  1685  1685 I gralloc : yres         = 600 px
06-19 11:27:33.356  1685  1685 I gralloc : xres_virtual = 800 px
06-19 11:27:33.356  1685  1685 I gralloc : yres_virtual = 600 px
06-19 11:27:33.356  1685  1685 I gralloc : bpp          = 16
06-19 11:27:33.356  1685  1685 I gralloc : r            = 11:5
06-19 11:27:33.356  1685  1685 I gralloc : g            =  5:6
06-19 11:27:33.356  1685  1685 I gralloc : b            =  0:5
06-19 11:27:33.356  1685  1685 I gralloc : width        = 127 mm (160.000000 dpi)
06-19 11:27:33.356  1685  1685 I gralloc : height       = 95 mm (160.421051 dpi)
06-19 11:27:33.356  1685  1685 I gralloc : refresh rate = 91.11 Hz
06-19 11:27:33.356  1685  1685 E SurfaceFlinger: hwcomposer module not found
06-19 11:27:33.356  1685  1685 F libc    : Fatal signal 4 (SIGILL) at 0x4005f461 (code=2), thread 1685 (surfaceflinger)
06-19 11:27:33.356  1686  1686 D dalvikvm: Trying to load lib libjavacore.so 0x0
06-19 11:27:33.356  1686  1686 E houdini_hook: Unable to open libdvm_houdini lib
06-19 11:27:33.356  1686  1686 E houdini_hook: Unable to open libdvm_houdini lib
06-19 11:27:33.356  1686  1686 E houdini_hook: Unable to open libdvm_houdini lib
06-19 11:27:33.356  1686  1686 E houdini_hook: Unable to open libdvm_houdini lib
06-19 11:27:33.356  1686  1686 E houdini_hook: Unable to open libdvm_houdini lib
06-19 11:27:33.356  1686  1686 E houdini_hook: Unable to open libdvm_houdini lib
06-19 11:27:33.356  1686  1686 D dalvikvm: Added shared lib libjavacore.so 0x0
06-19 11:27:33.356  1686  1686 D dalvikvm: Trying to load lib libnativehelper.so 0x0
06-19 11:27:33.356  1686  1686 E houdini_hook: Unable to open libdvm_houdini lib
06-19 11:27:33.356  1686  1686 E houdini_hook: Unable to open libdvm_houdini lib
06-19 11:27:33.356  1686  1686 E houdini_hook: Unable to open libdvm_houdini lib
06-19 11:27:33.356  1686  1686 E houdini_hook: Unable to open libdvm_houdini lib
06-19 11:27:33.356  1686  1686 E houdini_hook: Unable to open libdvm_houdini lib
06-19 11:27:33.356  1686  1686 E houdini_hook: Unable to open libdvm_houdini lib
06-19 11:27:33.356  1686  1686 D dalvikvm: Added shared lib libnativehelper.so 0x0
06-19 11:27:33.356  1686  1686 D dalvikvm: No JNI_OnLoad found in libnativehelper.so 0x0, skipping init
06-19 11:27:33.366  1687  1687 I mediaserver: ServiceManager: 0x411d0db0
06-19 11:27:33.366  1687  1687 I AudioFlinger: Using default 3000 mSec as standby time.
06-19 11:27:33.366  1687  1687 I CameraService: CameraService started (pid=1687)
06-19 11:27:33.366  1687  1687 D Camera_Factory: CameraFactory::CameraFactory
06-19 11:27:33.366  1687  1687 D Camera_Factory: CameraFactory::parseConfig: configFile = /etc/camera.cfg
06-19 11:27:33.366  1687  1687 D Camera_Factory: /etc/camera.cfg not found, using camera configuration defaults
06-19 11:27:33.366  1687  1687 D Camera_Factory: Found device /dev/video0
06-19 11:27:33.366  1687  1687 D Camera_Factory: CameraFactory::newCameraConfig: 0 -> /dev/video0 (0)
06-19 11:27:33.366  1687  1687 I CameraService: Loaded "Camera Module" camera module
06-19 11:27:33.366  1687  1687 D Camera_Factory: CameraFactory::get_number_of_cameras
06-19 11:27:33.366  1687  1687 D Camera_Factory: CameraFactory::getCameraNum: 1
06-19 11:27:33.366  1687  1687 I AudioPolicyManagerBase: loadAudioPolicyConfig() loaded /system/etc/audio_policy.conf
06-19 11:27:33.366  1687  1687 E audio_hw_primary: Failed to open /system/etc/mixer_paths.xml
06-19 11:27:33.366  1687  1687 I AudioFlinger: loadHwModule() Loaded primary audio interface from Grouper audio HW HAL (audio) handle 1
06-19 11:27:33.366  1687  1687 I AudioFlinger: HAL output buffer size 512 frames, normal mix buffer size 1024 frames
06-19 11:27:33.366  1687  1687 I AudioMixer: found effect "Multichannel Downmix To Stereo" from The Android Open Source Project
06-19 11:27:33.366  1687  1687 E MonoPipe: Failed to fetch local time frequency when constructing a MonoPipe (res = -32).  getNextWriteTimestamp calls will be non-functional
06-19 11:27:33.386  1686  1686 D dalvikvm: Note: class Landroid/app/ActivityManagerNative; has 179 unimplemented (abstract) methods
06-19 11:27:33.456  1324  1324 I DEBUG   : *** *** *** *** *** *** *** *** *** *** *** *** *** *** *** ***
06-19 11:27:33.456  1324  1324 I DEBUG   : Build fingerprint: 'unknown'
06-19 11:27:33.456  1324  1324 I DEBUG   : Revision: '0'
06-19 11:27:33.456  1324  1324 I DEBUG   : pid: 1685, tid: 1685, name: surfaceflinger  >>> /system/bin/surfaceflinger <<<
06-19 11:27:33.456  1324  1324 I DEBUG   : signal 4 (SIGILL), code 2 (ILL_ILLOPN), fault addr 4005f461
06-19 11:27:33.496  1324  1324 I DEBUG   :     eax 4006d2e4  ebx 400808d8  ecx 411bfad0  edx 00000001
06-19 11:27:33.516  1324  1324 I DEBUG   :     esi 00000000  edi 4006bafe
06-19 11:27:33.516  1324  1324 I DEBUG   :     xcs 00000073  xds 0000007b  xes 0000007b  xfs 00000000  xss 0000007b
06-19 11:27:33.516  1324  1324 I DEBUG   :     eip 4005f461  ebp 411bf9b0  esp bfabcde0  flags 00010246
06-19 11:27:33.516  1324  1324 E Corkscrew: unrecognized DW_CFA_* instruction: 0x10
06-19 11:27:33.516  1324  1324 I DEBUG   : 
06-19 11:27:33.516  1324  1324 I DEBUG   : backtrace:
06-19 11:27:33.516  1324  1324 I DEBUG   :     #00  pc 00036461  /system/lib/libsurfaceflinger.so (android::HWComposer::HWComposer(android::sp<android::SurfaceFlinger> const&, android::HWComposer::EventHandler&)+2001)
06-19 11:27:33.516  1324  1324 I DEBUG   :     #01  pc 0002b2b6  /system/lib/libsurfaceflinger.so (android::SurfaceFlinger::init()+182)
06-19 11:27:33.516  1324  1324 I DEBUG   :     #02  pc 00000931  /system/bin/surfaceflinger (main+209)
06-19 11:27:33.516  1324  1324 I DEBUG   : 
06-19 11:27:33.516  1324  1324 I DEBUG   : stack:
06-19 11:27:33.516  1324  1324 I DEBUG   :          bfabcda0  00000020  
06-19 11:27:33.516  1324  1324 I DEBUG   :          bfabcda4  4022db23  /system/lib/libEGL.so
06-19 11:27:33.516  1324  1324 I DEBUG   :          bfabcda8  40179629  /system/lib/libhardware.so (hw_get_module_by_class+9)
06-19 11:27:33.516  1324  1324 I DEBUG   :          bfabcdac  400808d8  /system/lib/libsurfaceflinger.so
06-19 11:27:33.516  1324  1324 I DEBUG   :          bfabcdb0  00000000  
06-19 11:27:33.516  1324  1324 I DEBUG   :          bfabcdb4  4006bafe  /system/lib/libsurfaceflinger.so
06-19 11:27:33.516  1324  1324 I DEBUG   :          bfabcdb8  411bf9b0  [heap]
06-19 11:27:33.516  1324  1324 I DEBUG   :          bfabcdbc  9f1a80c0  
06-19 11:27:33.516  1324  1324 I DEBUG   :          bfabcdc0  4006bafe  /system/lib/libsurfaceflinger.so
06-19 11:27:33.516  1324  1324 I DEBUG   :          bfabcdc4  00000000  
06-19 11:27:33.516  1324  1324 I DEBUG   :          bfabcdc8  4008f2c9  /system/lib/libcutils.so (__android_log_print+9)
06-19 11:27:33.516  1324  1324 I DEBUG   :          bfabcdcc  400808d8  /system/lib/libsurfaceflinger.so
06-19 11:27:33.516  1324  1324 I DEBUG   :          bfabcdd0  00000000  
06-19 11:27:33.516  1324  1324 I DEBUG   :          bfabcdd4  4006bafe  /system/lib/libsurfaceflinger.so
06-19 11:27:33.516  1324  1324 I DEBUG   :          bfabcdd8  411bf9b0  [heap]
06-19 11:27:33.516  1324  1324 I DEBUG   :          bfabcddc  4005ef56  /system/lib/libsurfaceflinger.so (android::HWComposer::HWComposer(android::sp<android::SurfaceFlinger> const&, android::HWComposer::EventHandler&)+710)
06-19 11:27:33.516  1324  1324 I DEBUG   :     #00  bfabcde0  00000006  
06-19 11:27:33.516  1324  1324 I DEBUG   :          bfabcde4  4006b4fa  /system/lib/libsurfaceflinger.so
06-19 11:27:33.516  1324  1324 I DEBUG   :          bfabcde8  4006bae6  /system/lib/libsurfaceflinger.so
06-19 11:27:33.516  1324  1324 I DEBUG   :          bfabcdec  4006bafe  /system/lib/libsurfaceflinger.so
06-19 11:27:33.516  1324  1324 I DEBUG   :          bfabcdf0  4022dfe6  /system/lib/libEGL.so
06-19 11:27:33.516  1324  1324 I DEBUG   :          bfabcdf4  400ae1b6  /system/lib/libc.so (malloc+6)
06-19 11:27:33.516  1324  1324 I DEBUG   :          bfabcdf8  40151fd0  /system/lib/libstdc++.so
06-19 11:27:33.516  1324  1324 I DEBUG   :          bfabcdfc  4014f9ac  /system/lib/libstdc++.so (operator new(unsigned int)+28)
06-19 11:27:33.516  1324  1324 I DEBUG   :          bfabce00  0000000c  
06-19 11:27:33.516  1324  1324 I DEBUG   :          bfabce04  00000000  
06-19 11:27:33.516  1324  1324 I DEBUG   :          bfabce08  4022ce59  /system/lib/libEGL.so (android::Loader::init_api(void*, char const* const*, void (**)(), void (*(*)(char const*))())+9)
06-19 11:27:33.516  1324  1324 I DEBUG   :          bfabce0c  400aef29  /system/lib/libc.so (pthread_mutex_unlock+25)
06-19 11:27:33.516  1324  1324 I DEBUG   :          bfabce10  d794354e  
06-19 11:27:33.516  1324  1324 I DEBUG   :          bfabce14  4164ef21  
06-19 11:27:33.516  1324  1324 I DEBUG   :          bfabce18  40267040  /system/lib/libEGL.so
06-19 11:27:33.516  1324  1324 I DEBUG   :          bfabce1c  411bfac8  [heap]
06-19 11:27:33.516  1324  1324 I DEBUG   :          ........  ........
06-19 11:27:33.516  1324  1324 I DEBUG   :     #01  bfabcee0  411bf9b0  [heap]
06-19 11:27:33.516  1324  1324 I DEBUG   :          bfabcee4  bfabcf48  [stack]
06-19 11:27:33.516  1324  1324 I DEBUG   :          bfabcee8  411bd834  [heap]
06-19 11:27:33.516  1324  1324 I DEBUG   :          bfabceec  40190d18  /system/lib/libutils.so (android::String8::appendFormat(char const*, ...)+152)
06-19 11:27:33.516  1324  1324 I DEBUG   :          bfabcef0  00000009  
06-19 11:27:33.516  1324  1324 I DEBUG   :          bfabcef4  66666667  
06-19 11:27:33.516  1324  1324 I DEBUG   :          bfabcef8  40097e48  /system/lib/libcutils.so
06-19 11:27:33.516  1324  1324 I DEBUG   :          bfabcefc  4008a2cf  /system/lib/libcutils.so (set_sched_policy+479)
06-19 11:27:33.516  1324  1324 I DEBUG   :          bfabcf00  00000009  
06-19 11:27:33.516  1324  1324 I DEBUG   :          bfabcf04  bfabcf47  [stack]
06-19 11:27:33.516  1324  1324 I DEBUG   :          bfabcf08  00000004  
06-19 11:27:33.516  1324  1324 I DEBUG   :          bfabcf0c  400808d8  /system/lib/libsurfaceflinger.so
06-19 11:27:33.516  1324  1324 I DEBUG   :          bfabcf10  400808d8  /system/lib/libsurfaceflinger.so
06-19 11:27:33.516  1324  1324 I DEBUG   :          bfabcf14  4006b4fa  /system/lib/libsurfaceflinger.so
06-19 11:27:33.516  1324  1324 I DEBUG   :          bfabcf18  411bd838  [heap]
06-19 11:27:33.516  1324  1324 I DEBUG   :          bfabcf1c  4004ae59  /system/lib/libsurfaceflinger.so (android::SurfaceFlinger::onFirstRef()+105)
06-19 11:27:33.516  1324  1324 I DEBUG   :          ........  ........
06-19 11:27:33.516  1324  1324 I DEBUG   : 
06-19 11:27:33.516  1324  1324 I DEBUG   : memory map around fault addr 4005f461:
06-19 11:27:33.516  1324  1324 I DEBUG   :     40027000-40029000 r-- 
06-19 11:27:33.516  1324  1324 I DEBUG   :     40029000-4007a000 r-x /system/lib/libsurfaceflinger.so
06-19 11:27:33.516  1324  1324 I DEBUG   :     4007a000-40081000 r-- /system/lib/libsurfaceflinger.so
06-19 11:27:33.576  1321  1321 I ServiceManager: service 'media.audio_flinger' died
06-19 11:27:33.576  1321  1321 I ServiceManager: service 'media.player' died
06-19 11:27:33.576  1321  1321 I ServiceManager: service 'media.camera' died
06-19 11:27:37.616  1716  1716 I Netd    : Netd 1.0 starting
06-19 11:27:37.616  1716  1716 W InterfaceController: Warning (dlopen failed: library "/system/lib/libnetcmdiface.so" not found) while opening the net interface command library
06-19 11:27:37.626  1717  1717 I SurfaceFlinger: SurfaceFlinger is starting
06-19 11:27:37.666  1717  1717 I SurfaceFlinger: SurfaceFlinger's main thread ready to run. Initializing graphics H/W...
06-19 11:27:37.666  1717  1717 D libEGL  : 3D hardware acceleration is disabled
06-19 11:27:37.666  1717  1717 D libEGL  : Emulator without GPU support detected. Fallback to software renderer.
06-19 11:27:37.666  1717  1717 D libEGL  : loaded /system/lib/egl/libGLES_android.so
06-19 11:27:37.796  1717  1717 W gralloc : page flipping not supported (yres_virtual=600, requested=1200)
06-19 11:27:37.796  1717  1717 I gralloc : using (fd=14)
06-19 11:27:37.796  1717  1717 I gralloc : id           = VESA VGA
06-19 11:27:37.796  1717  1717 I gralloc : xres         = 800 px
06-19 11:27:37.796  1717  1717 I gralloc : yres         = 600 px
06-19 11:27:37.796  1717  1717 I gralloc : xres_virtual = 800 px
06-19 11:27:37.796  1717  1717 I gralloc : yres_virtual = 600 px
06-19 11:27:37.796  1717  1717 I gralloc : bpp          = 16
06-19 11:27:37.796  1717  1717 I gralloc : r            = 11:5
06-19 11:27:37.796  1717  1717 I gralloc : g            =  5:6
06-19 11:27:37.796  1717  1717 I gralloc : b            =  0:5
06-19 11:27:37.796  1717  1717 I gralloc : width        = 127 mm (160.000000 dpi)
06-19 11:27:37.796  1717  1717 I gralloc : height       = 95 mm (160.421051 dpi)
06-19 11:27:37.796  1717  1717 I gralloc : refresh rate = 91.11 Hz
06-19 11:27:37.796  1717  1717 E SurfaceFlinger: hwcomposer module not found
06-19 11:27:37.796  1717  1717 F libc    : Fatal signal 4 (SIGILL) at 0x4005f461 (code=2), thread 1717 (surfaceflinger)
06-19 11:27:37.806  1718  1718 D AndroidRuntime: 
06-19 11:27:37.806  1718  1718 D AndroidRuntime: >>>>>> AndroidRuntime START com.android.internal.os.ZygoteInit <<<<<<
06-19 11:27:37.806  1719  1719 I mediaserver: ServiceManager: 0x411d0db0
06-19 11:27:37.806  1719  1719 I AudioFlinger: Using default 3000 mSec as standby time.
06-19 11:27:37.806  1719  1719 I CameraService: CameraService started (pid=1719)
06-19 11:27:37.806  1719  1719 D Camera_Factory: CameraFactory::CameraFactory
06-19 11:27:37.806  1719  1719 D Camera_Factory: CameraFactory::parseConfig: configFile = /etc/camera.cfg
06-19 11:27:37.806  1719  1719 D Camera_Factory: /etc/camera.cfg not found, using camera configuration defaults
06-19 11:27:37.806  1719  1719 D Camera_Factory: Found device /dev/video0
06-19 11:27:37.806  1719  1719 D Camera_Factory: CameraFactory::newCameraConfig: 0 -> /dev/video0 (0)
06-19 11:27:37.806  1719  1719 I CameraService: Loaded "Camera Module" camera module
06-19 11:27:37.806  1719  1719 D Camera_Factory: CameraFactory::get_number_of_cameras
06-19 11:27:37.806  1719  1719 D Camera_Factory: CameraFactory::getCameraNum: 1
06-19 11:27:37.816  1719  1719 I AudioPolicyManagerBase: loadAudioPolicyConfig() loaded /system/etc/audio_policy.conf
06-19 11:27:37.816  1718  1718 D AndroidRuntime: CheckJNI is ON
06-19 11:27:37.816  1719  1719 E audio_hw_primary: Failed to open /system/etc/mixer_paths.xml
06-19 11:27:37.816  1719  1719 I AudioFlinger: loadHwModule() Loaded primary audio interface from Grouper audio HW HAL (audio) handle 1
06-19 11:27:37.816  1719  1719 I AudioFlinger: HAL output buffer size 512 frames, normal mix buffer size 1024 frames
06-19 11:27:37.816  1719  1719 I AudioMixer: found effect "Multichannel Downmix To Stereo" from The Android Open Source Project
06-19 11:27:37.816  1719  1719 E MonoPipe: Failed to fetch local time frequency when constructing a MonoPipe (res = -32).  getNextWriteTimestamp calls will be non-functional
06-19 11:27:37.826  1718  1718 D dalvikvm: Trying to load lib libjavacore.so 0x0
06-19 11:27:37.826  1718  1718 E houdini_hook: Unable to open libdvm_houdini lib
06-19 11:27:37.826  1718  1718 E houdini_hook: Unable to open libdvm_houdini lib
06-19 11:27:37.826  1718  1718 E houdini_hook: Unable to open libdvm_houdini lib
06-19 11:27:37.826  1718  1718 E houdini_hook: Unable to open libdvm_houdini lib
06-19 11:27:37.826  1718  1718 E houdini_hook: Unable to open libdvm_houdini lib
06-19 11:27:37.826  1718  1718 E houdini_hook: Unable to open libdvm_houdini lib
06-19 11:27:37.826  1718  1718 D dalvikvm: Added shared lib libjavacore.so 0x0
06-19 11:27:37.826  1718  1718 D dalvikvm: Trying to load lib libnativehelper.so 0x0
06-19 11:27:37.846  1718  1718 E houdini_hook: Unable to open libdvm_houdini lib
06-19 11:27:37.846  1718  1718 E houdini_hook: Unable to open libdvm_houdini lib
06-19 11:27:37.846  1718  1718 E houdini_hook: Unable to open libdvm_houdini lib
06-19 11:27:37.846  1718  1718 E houdini_hook: Unable to open libdvm_houdini lib
06-19 11:27:37.846  1718  1718 E houdini_hook: Unable to open libdvm_houdini lib
06-19 11:27:37.846  1718  1718 E houdini_hook: Unable to open libdvm_houdini lib
06-19 11:27:37.846  1718  1718 D dalvikvm: Added shared lib libnativehelper.so 0x0
06-19 11:27:37.846  1718  1718 D dalvikvm: No JNI_OnLoad found in libnativehelper.so 0x0, skipping init
06-19 11:27:37.866  1718  1718 D dalvikvm: Note: class Landroid/app/ActivityManagerNative; has 179 unimplemented (abstract) methods
06-19 11:27:37.896  1324  1324 I DEBUG   : *** *** *** *** *** *** *** *** *** *** *** *** *** *** *** ***
06-19 11:27:37.896  1324  1324 I DEBUG   : Build fingerprint: 'unknown'
06-19 11:27:37.896  1324  1324 I DEBUG   : Revision: '0'
06-19 11:27:37.896  1324  1324 I DEBUG   : pid: 1717, tid: 1717, name: surfaceflinger  >>> /system/bin/surfaceflinger <<<
06-19 11:27:37.896  1324  1324 I DEBUG   : signal 4 (SIGILL), code 2 (ILL_ILLOPN), fault addr 4005f461
06-19 11:27:37.926  1324  1324 I DEBUG   :     eax 4006d2e4  ebx 400808d8  ecx 405a6b20  edx 00000001
06-19 11:27:37.956  1324  1324 I DEBUG   :     esi 00000000  edi 4006bafe
06-19 11:27:37.956  1324  1324 I DEBUG   :     xcs 00000073  xds 0000007b  xes 0000007b  xfs 00000000  xss 0000007b
06-19 11:27:37.956  1324  1324 I DEBUG   :     eip 4005f461  ebp 405a6a00  esp bfc8ea90  flags 00010246
06-19 11:27:37.956  1324  1324 E Corkscrew: unrecognized DW_CFA_* instruction: 0x10
06-19 11:27:37.956  1324  1324 I DEBUG   : 
06-19 11:27:37.956  1324  1324 I DEBUG   : backtrace:
06-19 11:27:37.956  1324  1324 I DEBUG   :     #00  pc 00036461  /system/lib/libsurfaceflinger.so (android::HWComposer::HWComposer(android::sp<android::SurfaceFlinger> const&, android::HWComposer::EventHandler&)+2001)
06-19 11:27:37.956  1324  1324 I DEBUG   :     #01  pc 0002b2b6  /system/lib/libsurfaceflinger.so (android::SurfaceFlinger::init()+182)
06-19 11:27:37.956  1324  1324 I DEBUG   :     #02  pc 00000931  /system/bin/surfaceflinger (main+209)
06-19 11:27:37.956  1324  1324 I DEBUG   : 
06-19 11:27:37.956  1324  1324 I DEBUG   : stack:
06-19 11:27:37.956  1324  1324 I DEBUG   :          bfc8ea50  00000020  
06-19 11:27:37.956  1324  1324 I DEBUG   :          bfc8ea54  4022db23  /system/lib/libEGL.so
06-19 11:27:37.956  1324  1324 I DEBUG   :          bfc8ea58  40179629  /system/lib/libhardware.so (hw_get_module_by_class+9)
06-19 11:27:37.956  1324  1324 I DEBUG   :          bfc8ea5c  400808d8  /system/lib/libsurfaceflinger.so
06-19 11:27:37.956  1324  1324 I DEBUG   :          bfc8ea60  00000000  
06-19 11:27:37.956  1324  1324 I DEBUG   :          bfc8ea64  4006bafe  /system/lib/libsurfaceflinger.so
06-19 11:27:37.956  1324  1324 I DEBUG   :          bfc8ea68  405a6a00  [anon:libc_malloc]
06-19 11:27:37.956  1324  1324 I DEBUG   :          bfc8ea6c  9b5ed108  
06-19 11:27:37.956  1324  1324 I DEBUG   :          bfc8ea70  4006bafe  /system/lib/libsurfaceflinger.so
06-19 11:27:37.956  1324  1324 I DEBUG   :          bfc8ea74  00000000  
06-19 11:27:37.956  1324  1324 I DEBUG   :          bfc8ea78  4008f2c9  /system/lib/libcutils.so (__android_log_print+9)
06-19 11:27:37.956  1324  1324 I DEBUG   :          bfc8ea7c  400808d8  /system/lib/libsurfaceflinger.so
06-19 11:27:37.956  1324  1324 I DEBUG   :          bfc8ea80  00000000  
06-19 11:27:37.956  1324  1324 I DEBUG   :          bfc8ea84  4006bafe  /system/lib/libsurfaceflinger.so
06-19 11:27:37.956  1324  1324 I DEBUG   :          bfc8ea88  405a6a00  [anon:libc_malloc]
06-19 11:27:37.956  1324  1324 I DEBUG   :          bfc8ea8c  4005ef56  /system/lib/libsurfaceflinger.so (android::HWComposer::HWComposer(android::sp<android::SurfaceFlinger> const&, android::HWComposer::EventHandler&)+710)
06-19 11:27:37.956  1324  1324 I DEBUG   :     #00  bfc8ea90  00000006  
06-19 11:27:37.956  1324  1324 I DEBUG   :          bfc8ea94  4006b4fa  /system/lib/libsurfaceflinger.so
06-19 11:27:37.956  1324  1324 I DEBUG   :          bfc8ea98  4006bae6  /system/lib/libsurfaceflinger.so
06-19 11:27:37.956  1324  1324 I DEBUG   :          bfc8ea9c  4006bafe  /system/lib/libsurfaceflinger.so
06-19 11:27:37.956  1324  1324 I DEBUG   :          bfc8eaa0  4022dfe6  /system/lib/libEGL.so
06-19 11:27:37.956  1324  1324 I DEBUG   :          bfc8eaa4  400ae1b6  /system/lib/libc.so (malloc+6)
06-19 11:27:37.956  1324  1324 I DEBUG   :          bfc8eaa8  40151fd0  /system/lib/libstdc++.so
06-19 11:27:37.956  1324  1324 I DEBUG   :          bfc8eaac  4014f9ac  /system/lib/libstdc++.so (operator new(unsigned int)+28)
06-19 11:27:37.956  1324  1324 I DEBUG   :          bfc8eab0  0000000c  
06-19 11:27:37.956  1324  1324 I DEBUG   :          bfc8eab4  00000000  
06-19 11:27:37.956  1324  1324 I DEBUG   :          bfc8eab8  4022ce59  /system/lib/libEGL.so (android::Loader::init_api(void*, char const* const*, void (**)(), void (*(*)(char const*))())+9)
06-19 11:27:37.956  1324  1324 I DEBUG   :          bfc8eabc  400aef29  /system/lib/libc.so (pthread_mutex_unlock+25)
06-19 11:27:37.956  1324  1324 I DEBUG   :          bfc8eac0  d794354e  
06-19 11:27:37.956  1324  1324 I DEBUG   :          bfc8eac4  4164ef21  
06-19 11:27:37.956  1324  1324 I DEBUG   :          bfc8eac8  40267040  /system/lib/libEGL.so
06-19 11:27:37.956  1324  1324 I DEBUG   :          bfc8eacc  405a6b18  [anon:libc_malloc]
06-19 11:27:37.956  1324  1324 I DEBUG   :          ........  ........
06-19 11:27:37.956  1324  1324 I DEBUG   :     #01  bfc8eb90  405a6a00  [anon:libc_malloc]
06-19 11:27:37.956  1324  1324 I DEBUG   :          bfc8eb94  bfc8ebf8  [stack]
06-19 11:27:37.956  1324  1324 I DEBUG   :          bfc8eb98  405a5024  [anon:libc_malloc]
06-19 11:27:37.956  1324  1324 I DEBUG   :          bfc8eb9c  40190d18  /system/lib/libutils.so (android::String8::appendFormat(char const*, ...)+152)
06-19 11:27:37.956  1324  1324 I DEBUG   :          bfc8eba0  00000009  
06-19 11:27:37.956  1324  1324 I DEBUG   :          bfc8eba4  66666667  
06-19 11:27:37.956  1324  1324 I DEBUG   :          bfc8eba8  40097e48  /system/lib/libcutils.so
06-19 11:27:37.956  1324  1324 I DEBUG   :          bfc8ebac  4008a2cf  /system/lib/libcutils.so (set_sched_policy+479)
06-19 11:27:37.956  1324  1324 I DEBUG   :          bfc8ebb0  00000009  
06-19 11:27:37.956  1324  1324 I DEBUG   :          bfc8ebb4  bfc8ebf7  [stack]
06-19 11:27:37.956  1324  1324 I DEBUG   :          bfc8ebb8  00000004  
06-19 11:27:37.956  1324  1324 I DEBUG   :          bfc8ebbc  400808d8  /system/lib/libsurfaceflinger.so
06-19 11:27:37.956  1324  1324 I DEBUG   :          bfc8ebc0  400808d8  /system/lib/libsurfaceflinger.so
06-19 11:27:37.956  1324  1324 I DEBUG   :          bfc8ebc4  4006b4fa  /system/lib/libsurfaceflinger.so
06-19 11:27:37.956  1324  1324 I DEBUG   :          bfc8ebc8  405a5028  [anon:libc_malloc]
06-19 11:27:37.956  1324  1324 I DEBUG   :          bfc8ebcc  4004ae59  /system/lib/libsurfaceflinger.so (android::SurfaceFlinger::onFirstRef()+105)
06-19 11:27:37.956  1324  1324 I DEBUG   :          ........  ........
06-19 11:27:37.956  1324  1324 I DEBUG   : 
06-19 11:27:37.956  1324  1324 I DEBUG   : memory map around fault addr 4005f461:
06-19 11:27:37.956  1324  1324 I DEBUG   :     40027000-40029000 r-- 
06-19 11:27:37.956  1324  1324 I DEBUG   :     40029000-4007a000 r-x /system/lib/libsurfaceflinger.so
06-19 11:27:37.956  1324  1324 I DEBUG   :     4007a000-40081000 r-- /system/lib/libsurfaceflinger.so
06-19 11:27:38.016  1321  1321 I ServiceManager: service 'media.audio_flinger' died
06-19 11:27:38.016  1321  1321 I ServiceManager: service 'media.player' died
06-19 11:27:38.016  1321  1321 I ServiceManager: service 'media.camera' died
06-19 11:27:43.056  1747  1747 I Netd    : Netd 1.0 starting
06-19 11:27:43.056  1747  1747 W InterfaceController: Warning (dlopen failed: library "/system/lib/libnetcmdiface.so" not found) while opening the net interface command library
06-19 11:27:43.076  1748  1748 I SurfaceFlinger: SurfaceFlinger is starting
06-19 11:27:43.076  1748  1748 I SurfaceFlinger: SurfaceFlinger's main thread ready to run. Initializing graphics H/W...
06-19 11:27:43.076  1748  1748 D libEGL  : 3D hardware acceleration is disabled
06-19 11:27:43.076  1748  1748 D libEGL  : Emulator without GPU support detected. Fallback to software renderer.
06-19 11:27:43.086  1748  1748 D libEGL  : loaded /system/lib/egl/libGLES_android.so
06-19 11:27:43.236  1749  1749 D AndroidRuntime: 
06-19 11:27:43.236  1749  1749 D AndroidRuntime: >>>>>> AndroidRuntime START com.android.internal.os.ZygoteInit <<<<<<
06-19 11:27:43.246  1748  1748 W gralloc : page flipping not supported (yres_virtual=600, requested=1200)
06-19 11:27:43.246  1748  1748 I gralloc : using (fd=14)
06-19 11:27:43.246  1748  1748 I gralloc : id           = VESA VGA
06-19 11:27:43.246  1748  1748 I gralloc : xres         = 800 px
06-19 11:27:43.246  1748  1748 I gralloc : yres         = 600 px
06-19 11:27:43.246  1748  1748 I gralloc : xres_virtual = 800 px
06-19 11:27:43.246  1748  1748 I gralloc : yres_virtual = 600 px
06-19 11:27:43.246  1748  1748 I gralloc : bpp          = 16
06-19 11:27:43.246  1748  1748 I gralloc : r            = 11:5
06-19 11:27:43.246  1748  1748 I gralloc : g            =  5:6
06-19 11:27:43.246  1748  1748 I gralloc : b            =  0:5
06-19 11:27:43.246  1748  1748 I gralloc : width        = 127 mm (160.000000 dpi)
06-19 11:27:43.246  1748  1748 I gralloc : height       = 95 mm (160.421051 dpi)
06-19 11:27:43.246  1748  1748 I gralloc : refresh rate = 91.11 Hz
06-19 11:27:43.246  1748  1748 E SurfaceFlinger: hwcomposer module not found
06-19 11:27:43.246  1748  1748 F libc    : Fatal signal 4 (SIGILL) at 0x4005f461 (code=2), thread 1748 (surfaceflinger)
06-19 11:27:43.266  1749  1749 D AndroidRuntime: CheckJNI is ON
06-19 11:27:43.266  1750  1750 I mediaserver: ServiceManager: 0x41f73d40
06-19 11:27:43.266  1750  1750 I AudioFlinger: Using default 3000 mSec as standby time.
06-19 11:27:43.266  1750  1750 I CameraService: CameraService started (pid=1750)
06-19 11:27:43.276  1750  1750 D Camera_Factory: CameraFactory::CameraFactory
06-19 11:27:43.276  1750  1750 D Camera_Factory: CameraFactory::parseConfig: configFile = /etc/camera.cfg
06-19 11:27:43.276  1750  1750 D Camera_Factory: /etc/camera.cfg not found, using camera configuration defaults
06-19 11:27:43.276  1750  1750 D Camera_Factory: Found device /dev/video0
06-19 11:27:43.276  1750  1750 D Camera_Factory: CameraFactory::newCameraConfig: 0 -> /dev/video0 (0)
06-19 11:27:43.276  1750  1750 I CameraService: Loaded "Camera Module" camera module
06-19 11:27:43.276  1750  1750 D Camera_Factory: CameraFactory::get_number_of_cameras
06-19 11:27:43.276  1750  1750 D Camera_Factory: CameraFactory::getCameraNum: 1
06-19 11:27:43.276  1750  1750 I AudioPolicyManagerBase: loadAudioPolicyConfig() loaded /system/etc/audio_policy.conf
06-19 11:27:43.276  1749  1749 D dalvikvm: Trying to load lib libjavacore.so 0x0
06-19 11:27:43.276  1749  1749 E houdini_hook: Unable to open libdvm_houdini lib
06-19 11:27:43.276  1749  1749 E houdini_hook: Unable to open libdvm_houdini lib
06-19 11:27:43.276  1749  1749 E houdini_hook: Unable to open libdvm_houdini lib
06-19 11:27:43.276  1749  1749 E houdini_hook: Unable to open libdvm_houdini lib
06-19 11:27:43.276  1749  1749 E houdini_hook: Unable to open libdvm_houdini lib
06-19 11:27:43.276  1749  1749 E houdini_hook: Unable to open libdvm_houdini lib
06-19 11:27:43.276  1749  1749 D dalvikvm: Added shared lib libjavacore.so 0x0
06-19 11:27:43.276  1750  1750 E audio_hw_primary: Failed to open /system/etc/mixer_paths.xml
06-19 11:27:43.276  1750  1750 I AudioFlinger: loadHwModule() Loaded primary audio interface from Grouper audio HW HAL (audio) handle 1
06-19 11:27:43.276  1750  1750 I AudioFlinger: HAL output buffer size 512 frames, normal mix buffer size 1024 frames
06-19 11:27:43.276  1750  1750 I AudioMixer: found effect "Multichannel Downmix To Stereo" from The Android Open Source Project
06-19 11:27:43.276  1749  1749 D dalvikvm: Trying to load lib libnativehelper.so 0x0
06-19 11:27:43.276  1750  1750 E MonoPipe: Failed to fetch local time frequency when constructing a MonoPipe (res = -32).  getNextWriteTimestamp calls will be non-functional
06-19 11:27:43.276  1749  1749 E houdini_hook: Unable to open libdvm_houdini lib
06-19 11:27:43.276  1749  1749 E houdini_hook: Unable to open libdvm_houdini lib
06-19 11:27:43.276  1749  1749 E houdini_hook: Unable to open libdvm_houdini lib
06-19 11:27:43.276  1749  1749 E houdini_hook: Unable to open libdvm_houdini lib
06-19 11:27:43.276  1749  1749 E houdini_hook: Unable to open libdvm_houdini lib
06-19 11:27:43.276  1749  1749 E houdini_hook: Unable to open libdvm_houdini lib
06-19 11:27:43.276  1749  1749 D dalvikvm: Added shared lib libnativehelper.so 0x0
06-19 11:27:43.276  1749  1749 D dalvikvm: No JNI_OnLoad found in libnativehelper.so 0x0, skipping init
06-19 11:27:43.306  1749  1749 D dalvikvm: Note: class Landroid/app/ActivityManagerNative; has 179 unimplemented (abstract) methods
06-19 11:27:43.346  1324  1324 I DEBUG   : *** *** *** *** *** *** *** *** *** *** *** *** *** *** *** ***
06-19 11:27:43.346  1324  1324 I DEBUG   : Build fingerprint: 'unknown'
06-19 11:27:43.346  1324  1324 I DEBUG   : Revision: '0'
06-19 11:27:43.346  1324  1324 I DEBUG   : pid: 1748, tid: 1748, name: surfaceflinger  >>> /system/bin/surfaceflinger <<<
06-19 11:27:43.346  1324  1324 I DEBUG   : signal 4 (SIGILL), code 2 (ILL_ILLOPN), fault addr 4005f461
06-19 11:27:43.386  1324  1324 I DEBUG   :     eax 4006d2e4  ebx 400808d8  ecx 413042e0  edx 00000001
06-19 11:27:43.396  1324  1324 I DEBUG   :     esi 00000000  edi 4006bafe
06-19 11:27:43.396  1324  1324 I DEBUG   :     xcs 00000073  xds 0000007b  xes 0000007b  xfs 00000000  xss 0000007b
06-19 11:27:43.396  1324  1324 I DEBUG   :     eip 4005f461  ebp 413041c0  esp bfd57160  flags 00010246
06-19 11:27:43.396  1324  1324 E Corkscrew: unrecognized DW_CFA_* instruction: 0x10
06-19 11:27:43.396  1324  1324 I DEBUG   : 
06-19 11:27:43.396  1324  1324 I DEBUG   : backtrace:
06-19 11:27:43.396  1324  1324 I DEBUG   :     #00  pc 00036461  /system/lib/libsurfaceflinger.so (android::HWComposer::HWComposer(android::sp<android::SurfaceFlinger> const&, android::HWComposer::EventHandler&)+2001)
06-19 11:27:43.396  1324  1324 I DEBUG   :     #01  pc 0002b2b6  /system/lib/libsurfaceflinger.so (android::SurfaceFlinger::init()+182)
06-19 11:27:43.396  1324  1324 I DEBUG   :     #02  pc 00000931  /system/bin/surfaceflinger (main+209)
06-19 11:27:43.396  1324  1324 I DEBUG   : 
06-19 11:27:43.396  1324  1324 I DEBUG   : stack:
06-19 11:27:43.396  1324  1324 I DEBUG   :          bfd57120  00000020  
06-19 11:27:43.396  1324  1324 I DEBUG   :          bfd57124  4022db23  /system/lib/libEGL.so
06-19 11:27:43.396  1324  1324 I DEBUG   :          bfd57128  40179629  /system/lib/libhardware.so (hw_get_module_by_class+9)
06-19 11:27:43.396  1324  1324 I DEBUG   :          bfd5712c  400808d8  /system/lib/libsurfaceflinger.so
06-19 11:27:43.396  1324  1324 I DEBUG   :          bfd57130  00000000  
06-19 11:27:43.396  1324  1324 I DEBUG   :          bfd57134  4006bafe  /system/lib/libsurfaceflinger.so
06-19 11:27:43.396  1324  1324 I DEBUG   :          bfd57138  413041c0  [heap]
06-19 11:27:43.396  1324  1324 I DEBUG   :          bfd5713c  074f7217  
06-19 11:27:43.396  1324  1324 I DEBUG   :          bfd57140  4006bafe  /system/lib/libsurfaceflinger.so
06-19 11:27:43.396  1324  1324 I DEBUG   :          bfd57144  00000000  
06-19 11:27:43.396  1324  1324 I DEBUG   :          bfd57148  4008f2c9  /system/lib/libcutils.so (__android_log_print+9)
06-19 11:27:43.396  1324  1324 I DEBUG   :          bfd5714c  400808d8  /system/lib/libsurfaceflinger.so
06-19 11:27:43.396  1324  1324 I DEBUG   :          bfd57150  00000000  
06-19 11:27:43.396  1324  1324 I DEBUG   :          bfd57154  4006bafe  /system/lib/libsurfaceflinger.so
06-19 11:27:43.396  1324  1324 I DEBUG   :          bfd57158  413041c0  [heap]
06-19 11:27:43.396  1324  1324 I DEBUG   :          bfd5715c  4005ef56  /system/lib/libsurfaceflinger.so (android::HWComposer::HWComposer(android::sp<android::SurfaceFlinger> const&, android::HWComposer::EventHandler&)+710)
06-19 11:27:43.396  1324  1324 I DEBUG   :     #00  bfd57160  00000006  
06-19 11:27:43.396  1324  1324 I DEBUG   :          bfd57164  4006b4fa  /system/lib/libsurfaceflinger.so
06-19 11:27:43.396  1324  1324 I DEBUG   :          bfd57168  4006bae6  /system/lib/libsurfaceflinger.so
06-19 11:27:43.396  1324  1324 I DEBUG   :          bfd5716c  4006bafe  /system/lib/libsurfaceflinger.so
06-19 11:27:43.396  1324  1324 I DEBUG   :          bfd57170  4022dfe6  /system/lib/libEGL.so
06-19 11:27:43.396  1324  1324 I DEBUG   :          bfd57174  400ae1b6  /system/lib/libc.so (malloc+6)
06-19 11:27:43.396  1324  1324 I DEBUG   :          bfd57178  40151fd0  /system/lib/libstdc++.so
06-19 11:27:43.396  1324  1324 I DEBUG   :          bfd5717c  4014f9ac  /system/lib/libstdc++.so (operator new(unsigned int)+28)
06-19 11:27:43.396  1324  1324 I DEBUG   :          bfd57180  0000000c  
06-19 11:27:43.396  1324  1324 I DEBUG   :          bfd57184  00000000  
06-19 11:27:43.396  1324  1324 I DEBUG   :          bfd57188  4022ce59  /system/lib/libEGL.so (android::Loader::init_api(void*, char const* const*, void (**)(), void (*(*)(char const*))())+9)
06-19 11:27:43.396  1324  1324 I DEBUG   :          bfd5718c  400aef29  /system/lib/libc.so (pthread_mutex_unlock+25)
06-19 11:27:43.396  1324  1324 I DEBUG   :          bfd57190  d794354e  
06-19 11:27:43.396  1324  1324 I DEBUG   :          bfd57194  4164ef21  
06-19 11:27:43.396  1324  1324 I DEBUG   :          bfd57198  40267040  /system/lib/libEGL.so
06-19 11:27:43.396  1324  1324 I DEBUG   :          bfd5719c  413042d8  [heap]
06-19 11:27:43.396  1324  1324 I DEBUG   :          ........  ........
06-19 11:27:43.396  1324  1324 I DEBUG   :     #01  bfd57260  413041c0  [heap]
06-19 11:27:43.396  1324  1324 I DEBUG   :          bfd57264  bfd572c8  [stack]
06-19 11:27:43.396  1324  1324 I DEBUG   :          bfd57268  41302834  [heap]
06-19 11:27:43.396  1324  1324 I DEBUG   :          bfd5726c  40190d18  /system/lib/libutils.so (android::String8::appendFormat(char const*, ...)+152)
06-19 11:27:43.396  1324  1324 I DEBUG   :          bfd57270  0000000c  
06-19 11:27:43.396  1324  1324 I DEBUG   :          bfd57274  66666667  
06-19 11:27:43.396  1324  1324 I DEBUG   :          bfd57278  40097e48  /system/lib/libcutils.so
06-19 11:27:43.396  1324  1324 I DEBUG   :          bfd5727c  4008a2cf  /system/lib/libcutils.so (set_sched_policy+479)
06-19 11:27:43.396  1324  1324 I DEBUG   :          bfd57280  0000000c  
06-19 11:27:43.396  1324  1324 I DEBUG   :          bfd57284  bfd572c7  [stack]
06-19 11:27:43.396  1324  1324 I DEBUG   :          bfd57288  00000004  
06-19 11:27:43.396  1324  1324 I DEBUG   :          bfd5728c  400808d8  /system/lib/libsurfaceflinger.so
06-19 11:27:43.396  1324  1324 I DEBUG   :          bfd57290  400808d8  /system/lib/libsurfaceflinger.so
06-19 11:27:43.396  1324  1324 I DEBUG   :          bfd57294  4006b4fa  /system/lib/libsurfaceflinger.so
06-19 11:27:43.396  1324  1324 I DEBUG   :          bfd57298  41302838  [heap]
06-19 11:27:43.396  1324  1324 I DEBUG   :          bfd5729c  4004ae59  /system/lib/libsurfaceflinger.so (android::SurfaceFlinger::onFirstRef()+105)
06-19 11:27:43.396  1324  1324 I DEBUG   :          ........  ........
06-19 11:27:43.396  1324  1324 I DEBUG   : 
06-19 11:27:43.396  1324  1324 I DEBUG   : memory map around fault addr 4005f461:
06-19 11:27:43.396  1324  1324 I DEBUG   :     40027000-40029000 r-- 
06-19 11:27:43.396  1324  1324 I DEBUG   :     40029000-4007a000 r-x /system/lib/libsurfaceflinger.so
06-19 11:27:43.396  1324  1324 I DEBUG   :     4007a000-40081000 r-- /system/lib/libsurfaceflinger.so
06-19 11:27:43.466  1321  1321 I ServiceManager: service 'media.audio_flinger' died
06-19 11:27:43.466  1321  1321 I ServiceManager: service 'media.player' died
06-19 11:27:43.466  1321  1321 I ServiceManager: service 'media.camera' died
06-19 11:27:47.506  1778  1778 I Netd    : Netd 1.0 starting
06-19 11:27:47.506  1778  1778 W InterfaceController: Warning (dlopen failed: library "/system/lib/libnetcmdiface.so" not found) while opening the net interface command library
06-19 11:27:47.516  1779  1779 I SurfaceFlinger: SurfaceFlinger is starting
06-19 11:27:47.556  1779  1779 I SurfaceFlinger: SurfaceFlinger's main thread ready to run. Initializing graphics H/W...
06-19 11:27:47.556  1779  1779 D libEGL  : 3D hardware acceleration is disabled
06-19 11:27:47.556  1779  1779 D libEGL  : Emulator without GPU support detected. Fallback to software renderer.
06-19 11:27:47.556  1779  1779 D libEGL  : loaded /system/lib/egl/libGLES_android.so
06-19 11:27:47.706  1780  1780 D AndroidRuntime: 
06-19 11:27:47.706  1780  1780 D AndroidRuntime: >>>>>> AndroidRuntime START com.android.internal.os.ZygoteInit <<<<<<
06-19 11:27:47.706  1779  1779 W gralloc : page flipping not supported (yres_virtual=600, requested=1200)
06-19 11:27:47.706  1779  1779 I gralloc : using (fd=14)
06-19 11:27:47.706  1779  1779 I gralloc : id           = VESA VGA
06-19 11:27:47.706  1779  1779 I gralloc : xres         = 800 px
06-19 11:27:47.706  1779  1779 I gralloc : yres         = 600 px
06-19 11:27:47.706  1779  1779 I gralloc : xres_virtual = 800 px
06-19 11:27:47.706  1779  1779 I gralloc : yres_virtual = 600 px
06-19 11:27:47.706  1779  1779 I gralloc : bpp          = 16
06-19 11:27:47.706  1779  1779 I gralloc : r            = 11:5
06-19 11:27:47.706  1779  1779 I gralloc : g            =  5:6
06-19 11:27:47.706  1779  1779 I gralloc : b            =  0:5
06-19 11:27:47.706  1779  1779 I gralloc : width        = 127 mm (160.000000 dpi)
06-19 11:27:47.706  1779  1779 I gralloc : height       = 95 mm (160.421051 dpi)
06-19 11:27:47.706  1779  1779 I gralloc : refresh rate = 91.11 Hz
06-19 11:27:47.706  1779  1779 E SurfaceFlinger: hwcomposer module not found
06-19 11:27:47.706  1779  1779 F libc    : Fatal signal 4 (SIGILL) at 0x4005f461 (code=2), thread 1779 (surfaceflinger)
06-19 11:27:47.706  1780  1780 D AndroidRuntime: CheckJNI is ON
06-19 11:27:47.716  1780  1780 D dalvikvm: Trying to load lib libjavacore.so 0x0
06-19 11:27:47.736  1781  1781 I mediaserver: ServiceManager: 0x411d0db0
06-19 11:27:47.736  1781  1781 I AudioFlinger: Using default 3000 mSec as standby time.
06-19 11:27:47.736  1780  1780 E houdini_hook: Unable to open libdvm_houdini lib
06-19 11:27:47.736  1781  1781 I CameraService: CameraService started (pid=1781)
06-19 11:27:47.736  1781  1781 D Camera_Factory: CameraFactory::CameraFactory
06-19 11:27:47.736  1780  1780 E houdini_hook: Unable to open libdvm_houdini lib
06-19 11:27:47.736  1780  1780 E houdini_hook: Unable to open libdvm_houdini lib
06-19 11:27:47.736  1780  1780 E houdini_hook: Unable to open libdvm_houdini lib
06-19 11:27:47.736  1780  1780 E houdini_hook: Unable to open libdvm_houdini lib
06-19 11:27:47.736  1780  1780 E houdini_hook: Unable to open libdvm_houdini lib
06-19 11:27:47.736  1780  1780 D dalvikvm: Added shared lib libjavacore.so 0x0
06-19 11:27:47.736  1781  1781 D Camera_Factory: CameraFactory::parseConfig: configFile = /etc/camera.cfg
06-19 11:27:47.736  1781  1781 D Camera_Factory: /etc/camera.cfg not found, using camera configuration defaults
06-19 11:27:47.736  1781  1781 D Camera_Factory: Found device /dev/video0
06-19 11:27:47.736  1781  1781 D Camera_Factory: CameraFactory::newCameraConfig: 0 -> /dev/video0 (0)
06-19 11:27:47.736  1781  1781 I CameraService: Loaded "Camera Module" camera module
06-19 11:27:47.736  1781  1781 D Camera_Factory: CameraFactory::get_number_of_cameras
06-19 11:27:47.736  1781  1781 D Camera_Factory: CameraFactory::getCameraNum: 1
06-19 11:27:47.736  1781  1781 I AudioPolicyManagerBase: loadAudioPolicyConfig() loaded /system/etc/audio_policy.conf
06-19 11:27:47.736  1781  1781 E audio_hw_primary: Failed to open /system/etc/mixer_paths.xml
06-19 11:27:47.736  1780  1780 D dalvikvm: Trying to load lib libnativehelper.so 0x0
06-19 11:27:47.736  1781  1781 I AudioFlinger: loadHwModule() Loaded primary audio interface from Grouper audio HW HAL (audio) handle 1
06-19 11:27:47.736  1781  1781 I AudioFlinger: HAL output buffer size 512 frames, normal mix buffer size 1024 frames
06-19 11:27:47.736  1781  1781 I AudioMixer: found effect "Multichannel Downmix To Stereo" from The Android Open Source Project
06-19 11:27:47.736  1781  1781 E MonoPipe: Failed to fetch local time frequency when constructing a MonoPipe (res = -32).  getNextWriteTimestamp calls will be non-functional
06-19 11:27:47.736  1780  1780 E houdini_hook: Unable to open libdvm_houdini lib
06-19 11:27:47.736  1780  1780 E houdini_hook: Unable to open libdvm_houdini lib
06-19 11:27:47.736  1780  1780 E houdini_hook: Unable to open libdvm_houdini lib
06-19 11:27:47.736  1780  1780 E houdini_hook: Unable to open libdvm_houdini lib
06-19 11:27:47.736  1780  1780 E houdini_hook: Unable to open libdvm_houdini lib
06-19 11:27:47.736  1780  1780 E houdini_hook: Unable to open libdvm_houdini lib
06-19 11:27:47.736  1780  1780 D dalvikvm: Added shared lib libnativehelper.so 0x0
06-19 11:27:47.736  1780  1780 D dalvikvm: No JNI_OnLoad found in libnativehelper.so 0x0, skipping init
06-19 11:27:47.766  1780  1780 D dalvikvm: Note: class Landroid/app/ActivityManagerNative; has 179 unimplemented (abstract) methods
06-19 11:27:47.806  1324  1324 I DEBUG   : *** *** *** *** *** *** *** *** *** *** *** *** *** *** *** ***
06-19 11:27:47.806  1324  1324 I DEBUG   : Build fingerprint: 'unknown'
06-19 11:27:47.806  1324  1324 I DEBUG   : Revision: '0'
06-19 11:27:47.806  1324  1324 I DEBUG   : pid: 1779, tid: 1779, name: surfaceflinger  >>> /system/bin/surfaceflinger <<<
06-19 11:27:47.806  1324  1324 I DEBUG   : signal 4 (SIGILL), code 2 (ILL_ILLOPN), fault addr 4005f461
06-19 11:27:47.836  1324  1324 I DEBUG   :     eax 4006d2e4  ebx 400808d8  ecx 40c28ad0  edx 00000001
06-19 11:27:47.866  1324  1324 I DEBUG   :     esi 00000000  edi 4006bafe
06-19 11:27:47.866  1324  1324 I DEBUG   :     xcs 00000073  xds 0000007b  xes 0000007b  xfs 00000000  xss 0000007b
06-19 11:27:47.866  1324  1324 I DEBUG   :     eip 4005f461  ebp 40c289b0  esp bfacd400  flags 00010246
06-19 11:27:47.866  1324  1324 E Corkscrew: unrecognized DW_CFA_* instruction: 0x10
06-19 11:27:47.866  1324  1324 I DEBUG   : 
06-19 11:27:47.866  1324  1324 I DEBUG   : backtrace:
06-19 11:27:47.866  1324  1324 I DEBUG   :     #00  pc 00036461  /system/lib/libsurfaceflinger.so (android::HWComposer::HWComposer(android::sp<android::SurfaceFlinger> const&, android::HWComposer::EventHandler&)+2001)
06-19 11:27:47.866  1324  1324 I DEBUG   :     #01  pc 0002b2b6  /system/lib/libsurfaceflinger.so (android::SurfaceFlinger::init()+182)
06-19 11:27:47.866  1324  1324 I DEBUG   :     #02  pc 00000931  /system/bin/surfaceflinger (main+209)
06-19 11:27:47.866  1324  1324 I DEBUG   : 
06-19 11:27:47.866  1324  1324 I DEBUG   : stack:
06-19 11:27:47.866  1324  1324 I DEBUG   :          bfacd3c0  00000020  
06-19 11:27:47.866  1324  1324 I DEBUG   :          bfacd3c4  4022db23  /system/lib/libEGL.so
06-19 11:27:47.866  1324  1324 I DEBUG   :          bfacd3c8  40179629  /system/lib/libhardware.so (hw_get_module_by_class+9)
06-19 11:27:47.866  1324  1324 I DEBUG   :          bfacd3cc  400808d8  /system/lib/libsurfaceflinger.so
06-19 11:27:47.866  1324  1324 I DEBUG   :          bfacd3d0  00000000  
06-19 11:27:47.866  1324  1324 I DEBUG   :          bfacd3d4  4006bafe  /system/lib/libsurfaceflinger.so
06-19 11:27:47.866  1324  1324 I DEBUG   :          bfacd3d8  40c289b0  [heap]
06-19 11:27:47.866  1324  1324 I DEBUG   :          bfacd3dc  b028734c  
06-19 11:27:47.866  1324  1324 I DEBUG   :          bfacd3e0  4006bafe  /system/lib/libsurfaceflinger.so
06-19 11:27:47.866  1324  1324 I DEBUG   :          bfacd3e4  00000000  
06-19 11:27:47.866  1324  1324 I DEBUG   :          bfacd3e8  4008f2c9  /system/lib/libcutils.so (__android_log_print+9)
06-19 11:27:47.866  1324  1324 I DEBUG   :          bfacd3ec  400808d8  /system/lib/libsurfaceflinger.so
06-19 11:27:47.866  1324  1324 I DEBUG   :          bfacd3f0  00000000  
06-19 11:27:47.866  1324  1324 I DEBUG   :          bfacd3f4  4006bafe  /system/lib/libsurfaceflinger.so
06-19 11:27:47.866  1324  1324 I DEBUG   :          bfacd3f8  40c289b0  [heap]
06-19 11:27:47.866  1324  1324 I DEBUG   :          bfacd3fc  4005ef56  /system/lib/libsurfaceflinger.so (android::HWComposer::HWComposer(android::sp<android::SurfaceFlinger> const&, android::HWComposer::EventHandler&)+710)
06-19 11:27:47.866  1324  1324 I DEBUG   :     #00  bfacd400  00000006  
06-19 11:27:47.866  1324  1324 I DEBUG   :          bfacd404  4006b4fa  /system/lib/libsurfaceflinger.so
06-19 11:27:47.866  1324  1324 I DEBUG   :          bfacd408  4006bae6  /system/lib/libsurfaceflinger.so
06-19 11:27:47.866  1324  1324 I DEBUG   :          bfacd40c  4006bafe  /system/lib/libsurfaceflinger.so
06-19 11:27:47.866  1324  1324 I DEBUG   :          bfacd410  4022dfe6  /system/lib/libEGL.so
06-19 11:27:47.866  1324  1324 I DEBUG   :          bfacd414  400ae1b6  /system/lib/libc.so (malloc+6)
06-19 11:27:47.866  1324  1324 I DEBUG   :          bfacd418  40151fd0  /system/lib/libstdc++.so
06-19 11:27:47.866  1324  1324 I DEBUG   :          bfacd41c  4014f9ac  /system/lib/libstdc++.so (operator new(unsigned int)+28)
06-19 11:27:47.866  1324  1324 I DEBUG   :          bfacd420  0000000c  
06-19 11:27:47.866  1324  1324 I DEBUG   :          bfacd424  00000000  
06-19 11:27:47.866  1324  1324 I DEBUG   :          bfacd428  4022ce59  /system/lib/libEGL.so (android::Loader::init_api(void*, char const* const*, void (**)(), void (*(*)(char const*))())+9)
06-19 11:27:47.866  1324  1324 I DEBUG   :          bfacd42c  400aef29  /system/lib/libc.so (pthread_mutex_unlock+25)
06-19 11:27:47.866  1324  1324 I DEBUG   :          bfacd430  d794354e  
06-19 11:27:47.866  1324  1324 I DEBUG   :          bfacd434  4164ef21  
06-19 11:27:47.866  1324  1324 I DEBUG   :          bfacd438  40267040  /system/lib/libEGL.so
06-19 11:27:47.866  1324  1324 I DEBUG   :          bfacd43c  40c28ac8  [heap]
06-19 11:27:47.866  1324  1324 I DEBUG   :          ........  ........
06-19 11:27:47.866  1324  1324 I DEBUG   :     #01  bfacd500  40c289b0  [heap]
06-19 11:27:47.866  1324  1324 I DEBUG   :          bfacd504  bfacd568  [stack]
06-19 11:27:47.866  1324  1324 I DEBUG   :          bfacd508  40c26834  [heap]
06-19 11:27:47.866  1324  1324 I DEBUG   :          bfacd50c  40190d18  /system/lib/libutils.so (android::String8::appendFormat(char const*, ...)+152)
06-19 11:27:47.866  1324  1324 I DEBUG   :          bfacd510  00000009  
06-19 11:27:47.866  1324  1324 I DEBUG   :          bfacd514  66666667  
06-19 11:27:47.866  1324  1324 I DEBUG   :          bfacd518  40097e48  /system/lib/libcutils.so
06-19 11:27:47.866  1324  1324 I DEBUG   :          bfacd51c  4008a2cf  /system/lib/libcutils.so (set_sched_policy+479)
06-19 11:27:47.866  1324  1324 I DEBUG   :          bfacd520  00000009  
06-19 11:27:47.866  1324  1324 I DEBUG   :          bfacd524  bfacd567  [stack]
06-19 11:27:47.866  1324  1324 I DEBUG   :          bfacd528  00000004  
06-19 11:27:47.866  1324  1324 I DEBUG   :          bfacd52c  400808d8  /system/lib/libsurfaceflinger.so
06-19 11:27:47.866  1324  1324 I DEBUG   :          bfacd530  400808d8  /system/lib/libsurfaceflinger.so
06-19 11:27:47.866  1324  1324 I DEBUG   :          bfacd534  4006b4fa  /system/lib/libsurfaceflinger.so
06-19 11:27:47.866  1324  1324 I DEBUG   :          bfacd538  40c26838  [heap]
06-19 11:27:47.866  1324  1324 I DEBUG   :          bfacd53c  4004ae59  /system/lib/libsurfaceflinger.so (android::SurfaceFlinger::onFirstRef()+105)
06-19 11:27:47.866  1324  1324 I DEBUG   :          ........  ........
06-19 11:27:47.866  1324  1324 I DEBUG   : 
06-19 11:27:47.866  1324  1324 I DEBUG   : memory map around fault addr 4005f461:
06-19 11:27:47.866  1324  1324 I DEBUG   :     40027000-40029000 r-- 
06-19 11:27:47.866  1324  1324 I DEBUG   :     40029000-4007a000 r-x /system/lib/libsurfaceflinger.so
06-19 11:27:47.866  1324  1324 I DEBUG   :     4007a000-40081000 r-- /system/lib/libsurfaceflinger.so
06-19 11:27:47.926  1321  1321 I ServiceManager: service 'media.audio_flinger' died
06-19 11:27:47.926  1321  1321 I ServiceManager: service 'media.player' died
06-19 11:27:47.926  1321  1321 I ServiceManager: service 'media.camera' died
