06-19 11:27:13.456  1559  1559 D libEGL  : Emulator without GPU support detected. Fallback to software renderer.
06-19 11:27:13.456  1559  1559 D libEGL  : loaded /system/lib/egl/libGLES_android.so
06-19 11:27:13.586  1559  1559 W gralloc : page flipping not supported (yres_virtual=600, requested=1200)
06-19 11:27:13.586  1559  1559 I gralloc : using (fd=14)
06-19 11:27:13.586  1559  1559 I gralloc : id           = VESA VGA
06-19 11:27:13.586  1559  1559 I gralloc : xres         = 800 px
06-19 11:27:13.586  1559  1559 I gralloc : yres         = 600 px
06-19 11:27:13.586  1559  1559 I gralloc : xres_virtual = 800 px
06-19 11:27:13.586  1559  1559 I gralloc : yres_virtual = 600 px
06-19 11:27:13.586  1559  1559 I gralloc : bpp          = 16
06-19 11:27:13.586  1559  1559 I gralloc : r            = 11:5
06-19 11:27:13.586  1559  1559 I gralloc : g            =  5:6
06-19 11:27:13.586  1559  1559 I gralloc : b            =  0:5
06-19 11:27:13.586  1559  1559 I gralloc : width        = 127 mm (160.000000 dpi)
06-19 11:27:13.586  1559  1559 I gralloc : height       = 95 mm (160.421051 dpi)
06-19 11:27:13.586  1559  1559 I gralloc : refresh rate = 91.11 Hz
06-19 11:27:13.586  1559  1559 E SurfaceFlinger: hwcomposer module not found
06-19 11:27:13.586  1559  1559 F libc    : Fatal signal 4 (SIGILL) at 0x4005f461 (code=2), thread 1559 (surfaceflinger)
06-19 11:27:13.606  1560  1560 D AndroidRuntime: 
06-19 11:27:13.606  1560  1560 D AndroidRuntime: >>>>>> AndroidRuntime START com.android.internal.os.ZygoteInit <<<<<<
06-19 11:27:13.606  1560  1560 D AndroidRuntime: CheckJNI is ON
06-19 11:27:13.606  1561  1561 I mediaserver: ServiceManager: 0x41415d40
06-19 11:27:13.606  1561  1561 I AudioFlinger: Using default 3000 mSec as standby time.
06-19 11:27:13.606  1561  1561 I CameraService: CameraService started (pid=1561)
06-19 11:27:13.606  1561  1561 D Camera_Factory: CameraFactory::CameraFactory
06-19 11:27:13.606  1561  1561 D Camera_Factory: CameraFactory::parseConfig: configFile = /etc/camera.cfg
06-19 11:27:13.606  1561  1561 D Camera_Factory: /etc/camera.cfg not found, using camera configuration defaults
06-19 11:27:13.606  1561  1561 D Camera_Factory: Found device /dev/video0
06-19 11:27:13.606  1561  1561 D Camera_Factory: CameraFactory::newCameraConfig: 0 -> /dev/video0 (0)
06-19 11:27:13.606  1561  1561 I CameraService: Loaded "Camera Module" camera module
06-19 11:27:13.606  1561  1561 D Camera_Factory: CameraFactory::get_number_of_cameras
06-19 11:27:13.606  1561  1561 D Camera_Factory: CameraFactory::getCameraNum: 1
06-19 11:27:13.606  1561  1561 I AudioPolicyManagerBase: loadAudioPolicyConfig() loaded /system/etc/audio_policy.conf
06-19 11:27:13.606  1561  1561 E audio_hw_primary: Failed to open /system/etc/mixer_paths.xml
06-19 11:27:13.606  1561  1561 I AudioFlinger: loadHwModule() Loaded primary audio interface from Grouper audio HW HAL (audio) handle 1
06-19 11:27:13.606  1561  1561 I AudioFlinger: HAL output buffer size 512 frames, normal mix buffer size 1024 frames
06-19 11:27:13.606  1561  1561 I AudioMixer: found effect "Multichannel Downmix To Stereo" from The Android Open Source Project
06-19 11:27:13.606  1561  1561 E MonoPipe: Failed to fetch local time frequency when constructing a MonoPipe (res = -32).  getNextWriteTimestamp calls will be non-functional
06-19 11:27:13.616  1560  1560 D dalvikvm: Trying to load lib libjavacore.so 0x0
06-19 11:27:13.616  1560  1560 E houdini_hook: Unable to open libdvm_houdini lib
06-19 11:27:13.616  1560  1560 E houdini_hook: Unable to open libdvm_houdini lib
06-19 11:27:13.616  1560  1560 E houdini_hook: Unable to open libdvm_houdini lib
06-19 11:27:13.616  1560  1560 E houdini_hook: Unable to open libdvm_houdini lib
06-19 11:27:13.616  1560  1560 E houdini_hook: Unable to open libdvm_houdini lib
06-19 11:27:13.616  1560  1560 E houdini_hook: Unable to open libdvm_houdini lib
06-19 11:27:13.616  1560  1560 D dalvikvm: Added shared lib libjavacore.so 0x0
06-19 11:27:13.616  1560  1560 D dalvikvm: Trying to load lib libnativehelper.so 0x0
06-19 11:27:13.616  1560  1560 E houdini_hook: Unable to open libdvm_houdini lib
06-19 11:27:13.616  1560  1560 E houdini_hook: Unable to open libdvm_houdini lib
06-19 11:27:13.616  1560  1560 E houdini_hook: Unable to open libdvm_houdini lib
06-19 11:27:13.616  1560  1560 E houdini_hook: Unable to open libdvm_houdini lib
06-19 11:27:13.616  1560  1560 E houdini_hook: Unable to open libdvm_houdini lib
06-19 11:27:13.616  1560  1560 E houdini_hook: Unable to open libdvm_houdini lib
06-19 11:27:13.616  1560  1560 D dalvikvm: Added shared lib libnativehelper.so 0x0
06-19 11:27:13.616  1560  1560 D dalvikvm: No JNI_OnLoad found in libnativehelper.so 0x0, skipping init
06-19 11:27:13.646  1560  1560 D dalvikvm: Note: class Landroid/app/ActivityManagerNative; has 179 unimplemented (abstract) methods
06-19 11:27:13.686  1324  1324 I DEBUG   : *** *** *** *** *** *** *** *** *** *** *** *** *** *** *** ***
06-19 11:27:13.686  1324  1324 I DEBUG   : Build fingerprint: 'unknown'
06-19 11:27:13.686  1324  1324 I DEBUG   : Revision: '0'
06-19 11:27:13.686  1324  1324 I DEBUG   : pid: 1559, tid: 1559, name: surfaceflinger  >>> /system/bin/surfaceflinger <<<
06-19 11:27:13.686  1324  1324 I DEBUG   : signal 4 (SIGILL), code 2 (ILL_ILLOPN), fault addr 4005f461
06-19 11:27:13.716  1324  1324 I DEBUG   :     eax 4006d2e4  ebx 400808d8  ecx 415caad0  edx 00000001
06-19 11:27:13.746  1324  1324 I DEBUG   :     esi 00000000  edi 4006bafe
06-19 11:27:13.746  1324  1324 I DEBUG   :     xcs 00000073  xds 0000007b  xes 0000007b  xfs 00000000  xss 0000007b
06-19 11:27:13.746  1324  1324 I DEBUG   :     eip 4005f461  ebp 415ca9b0  esp bfa3e400  flags 00010246
06-19 11:27:13.746  1324  1324 E Corkscrew: unrecognized DW_CFA_* instruction: 0x10
06-19 11:27:13.746  1324  1324 I DEBUG   : 
06-19 11:27:13.746  1324  1324 I DEBUG   : backtrace:
06-19 11:27:13.746  1324  1324 I DEBUG   :     #00  pc 00036461  /system/lib/libsurfaceflinger.so (android::HWComposer::HWComposer(android::sp<android::SurfaceFlinger> const&, android::HWComposer::EventHandler&)+2001)
06-19 11:27:13.746  1324  1324 I DEBUG   :     #01  pc 0002b2b6  /system/lib/libsurfaceflinger.so (android::SurfaceFlinger::init()+182)
06-19 11:27:13.746  1324  1324 I DEBUG   :     #02  pc 00000931  /system/bin/surfaceflinger (main+209)
06-19 11:27:13.746  1324  1324 I DEBUG   : 
06-19 11:27:13.746  1324  1324 I DEBUG   : stack:
06-19 11:27:13.746  1324  1324 I DEBUG   :          bfa3e3c0  00000020  
06-19 11:27:13.746  1324  1324 I DEBUG   :          bfa3e3c4  4022db23  /system/lib/libEGL.so
06-19 11:27:13.746  1324  1324 I DEBUG   :          bfa3e3c8  40179629  /system/lib/libhardware.so (hw_get_module_by_class+9)
06-19 11:27:13.746  1324  1324 I DEBUG   :          bfa3e3cc  400808d8  /system/lib/libsurfaceflinger.so
06-19 11:27:13.746  1324  1324 I DEBUG   :          bfa3e3d0  00000000  
06-19 11:27:13.746  1324  1324 I DEBUG   :          bfa3e3d4  4006bafe  /system/lib/libsurfaceflinger.so
06-19 11:27:13.746  1324  1324 I DEBUG   :          bfa3e3d8  415ca9b0  [heap]
06-19 11:27:13.746  1324  1324 I DEBUG   :          bfa3e3dc  e76f7730  
06-19 11:27:13.746  1324  1324 I DEBUG   :          bfa3e3e0  4006bafe  /system/lib/libsurfaceflinger.so
06-19 11:27:13.746  1324  1324 I DEBUG   :          bfa3e3e4  00000000  
06-19 11:27:13.746  1324  1324 I DEBUG   :          bfa3e3e8  4008f2c9  /system/lib/libcutils.so (__android_log_print+9)
06-19 11:27:13.746  1324  1324 I DEBUG   :          bfa3e3ec  400808d8  /system/lib/libsurfaceflinger.so
06-19 11:27:13.746  1324  1324 I DEBUG   :          bfa3e3f0  00000000  
06-19 11:27:13.746  1324  1324 I DEBUG   :          bfa3e3f4  4006bafe  /system/lib/libsurfaceflinger.so
06-19 11:27:13.746  1324  1324 I DEBUG   :          bfa3e3f8  415ca9b0  [heap]
06-19 11:27:13.746  1324  1324 I DEBUG   :          bfa3e3fc  4005ef56  /system/lib/libsurfaceflinger.so (android::HWComposer::HWComposer(android::sp<android::SurfaceFlinger> const&, android::HWComposer::EventHandler&)+710)
06-19 11:27:13.746  1324  1324 I DEBUG   :     #00  bfa3e400  00000006  
06-19 11:27:13.746  1324  1324 I DEBUG   :          bfa3e404  4006b4fa  /system/lib/libsurfaceflinger.so
06-19 11:27:13.746  1324  1324 I DEBUG   :          bfa3e408  4006bae6  /system/lib/libsurfaceflinger.so
06-19 11:27:13.746  1324  1324 I DEBUG   :          bfa3e40c  4006bafe  /system/lib/libsurfaceflinger.so
06-19 11:27:13.746  1324  1324 I DEBUG   :          bfa3e410  4022dfe6  /system/lib/libEGL.so
06-19 11:27:13.746  1324  1324 I DEBUG   :          bfa3e414  400ae1b6  /system/lib/libc.so (malloc+6)
06-19 11:27:13.746  1324  1324 I DEBUG   :          bfa3e418  40151fd0  /system/lib/libstdc++.so
06-19 11:27:13.746  1324  1324 I DEBUG   :          bfa3e41c  4014f9ac  /system/lib/libstdc++.so (operator new(unsigned int)+28)
06-19 11:27:13.746  1324  1324 I DEBUG   :          bfa3e420  0000000c  
06-19 11:27:13.746  1324  1324 I DEBUG   :          bfa3e424  00000000  
06-19 11:27:13.746  1324  1324 I DEBUG   :          bfa3e428  4022ce59  /system/lib/libEGL.so (android::Loader::init_api(void*, char const* const*, void (**)(), void (*(*)(char const*))())+9)
06-19 11:27:13.746  1324  1324 I DEBUG   :          bfa3e42c  400aef29  /system/lib/libc.so (pthread_mutex_unlock+25)
06-19 11:27:13.746  1324  1324 I DEBUG   :          bfa3e430  d794354e  
06-19 11:27:13.746  1324  1324 I DEBUG   :          bfa3e434  4164ef21  
06-19 11:27:13.746  1324  1324 I DEBUG   :          bfa3e438  40267040  /system/lib/libEGL.so
06-19 11:27:13.746  1324  1324 I DEBUG   :          bfa3e43c  415caac8  [heap]
06-19 11:27:13.746  1324  1324 I DEBUG   :          ........  ........
06-19 11:27:13.746  1324  1324 I DEBUG   :     #01  bfa3e500  415ca9b0  [heap]
06-19 11:27:13.746  1324  1324 I DEBUG   :          bfa3e504  bfa3e568  [stack]
06-19 11:27:13.746  1324  1324 I DEBUG   :          bfa3e508  415c8834  [heap]
06-19 11:27:13.746  1324  1324 I DEBUG   :          bfa3e50c  40190d18  /system/lib/libutils.so (android::String8::appendFormat(char const*, ...)+152)
06-19 11:27:13.746  1324  1324 I DEBUG   :          bfa3e510  00000009  
06-19 11:27:13.746  1324  1324 I DEBUG   :          bfa3e514  66666667  
06-19 11:27:13.746  1324  1324 I DEBUG   :          bfa3e518  40097e48  /system/lib/libcutils.so
06-19 11:27:13.746  1324  1324 I DEBUG   :          bfa3e51c  4008a2cf  /system/lib/libcutils.so (set_sched_policy+479)
06-19 11:27:13.746  1324  1324 I DEBUG   :          bfa3e520  00000009  
06-19 11:27:13.746  1324  1324 I DEBUG   :          bfa3e524  bfa3e567  [stack]
06-19 11:27:13.746  1324  1324 I DEBUG   :          bfa3e528  00000004  
06-19 11:27:13.746  1324  1324 I DEBUG   :          bfa3e52c  400808d8  /system/lib/libsurfaceflinger.so
06-19 11:27:13.746  1324  1324 I DEBUG   :          bfa3e530  400808d8  /system/lib/libsurfaceflinger.so
06-19 11:27:13.746  1324  1324 I DEBUG   :          bfa3e534  4006b4fa  /system/lib/libsurfaceflinger.so
06-19 11:27:13.746  1324  1324 I DEBUG   :          bfa3e538  415c8838  [heap]
06-19 11:27:13.746  1324  1324 I DEBUG   :          bfa3e53c  4004ae59  /system/lib/libsurfaceflinger.so (android::SurfaceFlinger::onFirstRef()+105)
06-19 11:27:13.746  1324  1324 I DEBUG   :          ........  ........
06-19 11:27:13.746  1324  1324 I DEBUG   : 
06-19 11:27:13.746  1324  1324 I DEBUG   : memory map around fault addr 4005f461:
06-19 11:27:13.746  1324  1324 I DEBUG   :     40027000-40029000 r-- 
06-19 11:27:13.746  1324  1324 I DEBUG   :     40029000-4007a000 r-x /system/lib/libsurfaceflinger.so
06-19 11:27:13.746  1324  1324 I DEBUG   :     4007a000-40081000 r-- /system/lib/libsurfaceflinger.so
06-19 11:27:13.806  1321  1321 I ServiceManager: service 'media.audio_flinger' died
06-19 11:27:13.806  1321  1321 I ServiceManager: service 'media.player' died
06-19 11:27:13.806  1321  1321 I ServiceManager: service 'media.camera' died
06-19 11:27:17.836  1590  1590 I Netd    : Netd 1.0 starting
06-19 11:27:17.836  1590  1590 W InterfaceController: Warning (dlopen failed: library "/system/lib/libnetcmdiface.so" not found) while opening the net interface command library
06-19 11:27:17.866  1591  1591 I SurfaceFlinger: SurfaceFlinger is starting
06-19 11:27:17.896  1591  1591 I SurfaceFlinger: SurfaceFlinger's main thread ready to run. Initializing graphics H/W...
06-19 11:27:17.896  1591  1591 D libEGL  : 3D hardware acceleration is disabled
06-19 11:27:17.896  1591  1591 D libEGL  : Emulator without GPU support detected. Fallback to software renderer.
06-19 11:27:17.896  1591  1591 D libEGL  : loaded /system/lib/egl/libGLES_android.so
06-19 11:27:18.026  1591  1591 W gralloc : page flipping not supported (yres_virtual=600, requested=1200)
06-19 11:27:18.026  1591  1591 I gralloc : using (fd=14)
06-19 11:27:18.026  1591  1591 I gralloc : id           = VESA VGA
06-19 11:27:18.026  1591  1591 I gralloc : xres         = 800 px
06-19 11:27:18.026  1591  1591 I gralloc : yres         = 600 px
06-19 11:27:18.026  1591  1591 I gralloc : xres_virtual = 800 px
06-19 11:27:18.026  1591  1591 I gralloc : yres_virtual = 600 px
06-19 11:27:18.026  1591  1591 I gralloc : bpp          = 16
06-19 11:27:18.026  1591  1591 I gralloc : r            = 11:5
06-19 11:27:18.026  1591  1591 I gralloc : g            =  5:6
06-19 11:27:18.026  1591  1591 I gralloc : b            =  0:5
06-19 11:27:18.026  1591  1591 I gralloc : width        = 127 mm (160.000000 dpi)
06-19 11:27:18.026  1591  1591 I gralloc : height       = 95 mm (160.421051 dpi)
06-19 11:27:18.026  1591  1591 I gralloc : refresh rate = 91.11 Hz
06-19 11:27:18.026  1591  1591 E SurfaceFlinger: hwcomposer module not found
06-19 11:27:18.026  1591  1591 F libc    : Fatal signal 4 (SIGILL) at 0x4005f461 (code=2), thread 1591 (surfaceflinger)
06-19 11:27:18.046  1592  1592 D AndroidRuntime: 
06-19 11:27:18.046  1592  1592 D AndroidRuntime: >>>>>> AndroidRuntime START com.android.internal.os.ZygoteInit <<<<<<
06-19 11:27:18.046  1592  1592 D AndroidRuntime: CheckJNI is ON
06-19 11:27:18.046  1593  1593 I mediaserver: ServiceManager: 0x411d0db0
06-19 11:27:18.046  1593  1593 I AudioFlinger: Using default 3000 mSec as standby time.
06-19 11:27:18.046  1593  1593 I CameraService: CameraService started (pid=1593)
06-19 11:27:18.046  1593  1593 D Camera_Factory: CameraFactory::CameraFactory
06-19 11:27:18.046  1593  1593 D Camera_Factory: CameraFactory::parseConfig: configFile = /etc/camera.cfg
06-19 11:27:18.046  1593  1593 D Camera_Factory: /etc/camera.cfg not found, using camera configuration defaults
06-19 11:27:18.046  1593  1593 D Camera_Factory: Found device /dev/video0
06-19 11:27:18.046  1593  1593 D Camera_Factory: CameraFactory::newCameraConfig: 0 -> /dev/video0 (0)
06-19 11:27:18.046  1593  1593 I CameraService: Loaded "Camera Module" camera module
06-19 11:27:18.046  1593  1593 D Camera_Factory: CameraFactory::get_number_of_cameras
06-19 11:27:18.046  1593  1593 D Camera_Factory: CameraFactory::getCameraNum: 1
06-19 11:27:18.056  1593  1593 I AudioPolicyManagerBase: loadAudioPolicyConfig() loaded /system/etc/audio_policy.conf
06-19 11:27:18.056  1593  1593 E audio_hw_primary: Failed to open /system/etc/mixer_paths.xml
06-19 11:27:18.056  1593  1593 I AudioFlinger: loadHwModule() Loaded primary audio interface from Grouper audio HW HAL (audio) handle 1
06-19 11:27:18.056  1593  1593 I AudioFlinger: HAL output buffer size 512 frames, normal mix buffer size 1024 frames
06-19 11:27:18.056  1593  1593 I AudioMixer: found effect "Multichannel Downmix To Stereo" from The Android Open Source Project
06-19 11:27:18.056  1593  1593 E MonoPipe: Failed to fetch local time frequency when constructing a MonoPipe (res = -32).  getNextWriteTimestamp calls will be non-functional
06-19 11:27:18.056  1592  1592 D dalvikvm: Trying to load lib libjavacore.so 0x0
06-19 11:27:18.056  1592  1592 E houdini_hook: Unable to open libdvm_houdini lib
06-19 11:27:18.056  1592  1592 E houdini_hook: Unable to open libdvm_houdini lib
06-19 11:27:18.056  1592  1592 E houdini_hook: Unable to open libdvm_houdini lib
06-19 11:27:18.056  1592  1592 E houdini_hook: Unable to open libdvm_houdini lib
06-19 11:27:18.056  1592  1592 E houdini_hook: Unable to open libdvm_houdini lib
06-19 11:27:18.056  1592  1592 E houdini_hook: Unable to open libdvm_houdini lib
06-19 11:27:18.056  1592  1592 D dalvikvm: Added shared lib libjavacore.so 0x0
06-19 11:27:18.066  1592  1592 D dalvikvm: Trying to load lib libnativehelper.so 0x0
06-19 11:27:18.066  1592  1592 E houdini_hook: Unable to open libdvm_houdini lib
06-19 11:27:18.066  1592  1592 E houdini_hook: Unable to open libdvm_houdini lib
06-19 11:27:18.066  1592  1592 E houdini_hook: Unable to open libdvm_houdini lib
06-19 11:27:18.066  1592  1592 E houdini_hook: Unable to open libdvm_houdini lib
06-19 11:27:18.066  1592  1592 E houdini_hook: Unable to open libdvm_houdini lib
06-19 11:27:18.066  1592  1592 E houdini_hook: Unable to open libdvm_houdini lib
06-19 11:27:18.066  1592  1592 D dalvikvm: Added shared lib libnativehelper.so 0x0
06-19 11:27:18.066  1592  1592 D dalvikvm: No JNI_OnLoad found in libnativehelper.so 0x0, skipping init
06-19 11:27:18.096  1592  1592 D dalvikvm: Note: class Landroid/app/ActivityManagerNative; has 179 unimplemented (abstract) methods
06-19 11:27:18.126  1324  1324 I DEBUG   : *** *** *** *** *** *** *** *** *** *** *** *** *** *** *** ***
06-19 11:27:18.126  1324  1324 I DEBUG   : Build fingerprint: 'unknown'
06-19 11:27:18.126  1324  1324 I DEBUG   : Revision: '0'
06-19 11:27:18.126  1324  1324 I DEBUG   : pid: 1591, tid: 1591, name: surfaceflinger  >>> /system/bin/surfaceflinger <<<
06-19 11:27:18.126  1324  1324 I DEBUG   : signal 4 (SIGILL), code 2 (ILL_ILLOPN), fault addr 4005f461
06-19 11:27:18.166  1324  1324 I DEBUG   :     eax 4006d2e4  ebx 400808d8  ecx 4177aad0  edx 00000001
06-19 11:27:18.186  1324  1324 I DEBUG   :     esi 00000000  edi 4006bafe
06-19 11:27:18.186  1324  1324 I DEBUG   :     xcs 00000073  xds 0000007b  xes 0000007b  xfs 00000000  xss 0000007b
06-19 11:27:18.186  1324  1324 I DEBUG   :     eip 4005f461  ebp 4177a9b0  esp bfcb4ab0  flags 00010246
06-19 11:27:18.186  1324  1324 E Corkscrew: unrecognized DW_CFA_* instruction: 0x10
06-19 11:27:18.186  1324  1324 I DEBUG   : 
06-19 11:27:18.186  1324  1324 I DEBUG   : backtrace:
06-19 11:27:18.186  1324  1324 I DEBUG   :     #00  pc 00036461  /system/lib/libsurfaceflinger.so (android::HWComposer::HWComposer(android::sp<android::SurfaceFlinger> const&, android::HWComposer::EventHandler&)+2001)
06-19 11:27:18.186  1324  1324 I DEBUG   :     #01  pc 0002b2b6  /system/lib/libsurfaceflinger.so (android::SurfaceFlinger::init()+182)
06-19 11:27:18.186  1324  1324 I DEBUG   :     #02  pc 00000931  /system/bin/surfaceflinger (main+209)
06-19 11:27:18.186  1324  1324 I DEBUG   : 
06-19 11:27:18.186  1324  1324 I DEBUG   : stack:
06-19 11:27:18.186  1324  1324 I DEBUG   :          bfcb4a70  00000020  
06-19 11:27:18.186  1324  1324 I DEBUG   :          bfcb4a74  4022db23  /system/lib/libEGL.so
06-19 11:27:18.186  1324  1324 I DEBUG   :          bfcb4a78  40179629  /system/lib/libhardware.so (hw_get_module_by_class+9)
06-19 11:27:18.186  1324  1324 I DEBUG   :          bfcb4a7c  400808d8  /system/lib/libsurfaceflinger.so
06-19 11:27:18.186  1324  1324 I DEBUG   :          bfcb4a80  00000000  
06-19 11:27:18.186  1324  1324 I DEBUG   :          bfcb4a84  4006bafe  /system/lib/libsurfaceflinger.so
06-19 11:27:18.186  1324  1324 I DEBUG   :          bfcb4a88  4177a9b0  [heap]
06-19 11:27:18.186  1324  1324 I DEBUG   :          bfcb4a8c  1b989762  
06-19 11:27:18.186  1324  1324 I DEBUG   :          bfcb4a90  4006bafe  /system/lib/libsurfaceflinger.so
06-19 11:27:18.186  1324  1324 I DEBUG   :          bfcb4a94  00000000  
06-19 11:27:18.186  1324  1324 I DEBUG   :          bfcb4a98  4008f2c9  /system/lib/libcutils.so (__android_log_print+9)
06-19 11:27:18.186  1324  1324 I DEBUG   :          bfcb4a9c  400808d8  /system/lib/libsurfaceflinger.so
06-19 11:27:18.186  1324  1324 I DEBUG   :          bfcb4aa0  00000000  
06-19 11:27:18.186  1324  1324 I DEBUG   :          bfcb4aa4  4006bafe  /system/lib/libsurfaceflinger.so
06-19 11:27:18.186  1324  1324 I DEBUG   :          bfcb4aa8  4177a9b0  [heap]
06-19 11:27:18.186  1324  1324 I DEBUG   :          bfcb4aac  4005ef56  /system/lib/libsurfaceflinger.so (android::HWComposer::HWComposer(android::sp<android::SurfaceFlinger> const&, android::HWComposer::EventHandler&)+710)
06-19 11:27:18.186  1324  1324 I DEBUG   :     #00  bfcb4ab0  00000006  
06-19 11:27:18.186  1324  1324 I DEBUG   :          bfcb4ab4  4006b4fa  /system/lib/libsurfaceflinger.so
06-19 11:27:18.186  1324  1324 I DEBUG   :          bfcb4ab8  4006bae6  /system/lib/libsurfaceflinger.so
06-19 11:27:18.186  1324  1324 I DEBUG   :          bfcb4abc  4006bafe  /system/lib/libsurfaceflinger.so
06-19 11:27:18.186  1324  1324 I DEBUG   :          bfcb4ac0  4022dfe6  /system/lib/libEGL.so
06-19 11:27:18.186  1324  1324 I DEBUG   :          bfcb4ac4  400ae1b6  /system/lib/libc.so (malloc+6)
06-19 11:27:18.186  1324  1324 I DEBUG   :          bfcb4ac8  40151fd0  /system/lib/libstdc++.so
06-19 11:27:18.186  1324  1324 I DEBUG   :          bfcb4acc  4014f9ac  /system/lib/libstdc++.so (operator new(unsigned int)+28)
06-19 11:27:18.186  1324  1324 I DEBUG   :          bfcb4ad0  0000000c  
06-19 11:27:18.186  1324  1324 I DEBUG   :          bfcb4ad4  00000000  
06-19 11:27:18.186  1324  1324 I DEBUG   :          bfcb4ad8  4022ce59  /system/lib/libEGL.so (android::Loader::init_api(void*, char const* const*, void (**)(), void (*(*)(char const*))())+9)
06-19 11:27:18.186  1324  1324 I DEBUG   :          bfcb4adc  400aef29  /system/lib/libc.so (pthread_mutex_unlock+25)
06-19 11:27:18.186  1324  1324 I DEBUG   :          bfcb4ae0  d794354e  
06-19 11:27:18.186  1324  1324 I DEBUG   :          bfcb4ae4  4164ef21  
06-19 11:27:18.186  1324  1324 I DEBUG   :          bfcb4ae8  40267040  /system/lib/libEGL.so
06-19 11:27:18.186  1324  1324 I DEBUG   :          bfcb4aec  4177aac8  [heap]
06-19 11:27:18.186  1324  1324 I DEBUG   :          ........  ........
06-19 11:27:18.186  1324  1324 I DEBUG   :     #01  bfcb4bb0  4177a9b0  [heap]
06-19 11:27:18.186  1324  1324 I DEBUG   :          bfcb4bb4  bfcb4c18  [stack]
06-19 11:27:18.186  1324  1324 I DEBUG   :          bfcb4bb8  41778834  [heap]
06-19 11:27:18.186  1324  1324 I DEBUG   :          bfcb4bbc  40190d18  /system/lib/libutils.so (android::String8::appendFormat(char const*, ...)+152)
06-19 11:27:18.186  1324  1324 I DEBUG   :          bfcb4bc0  00000009  
06-19 11:27:18.186  1324  1324 I DEBUG   :          bfcb4bc4  66666667  
06-19 11:27:18.186  1324  1324 I DEBUG   :          bfcb4bc8  40097e48  /system/lib/libcutils.so
06-19 11:27:18.186  1324  1324 I DEBUG   :          bfcb4bcc  4008a2cf  /system/lib/libcutils.so (set_sched_policy+479)
06-19 11:27:18.186  1324  1324 I DEBUG   :          bfcb4bd0  00000009  
06-19 11:27:18.186  1324  1324 I DEBUG   :          bfcb4bd4  bfcb4c17  [stack]
06-19 11:27:18.186  1324  1324 I DEBUG   :          bfcb4bd8  00000004  
06-19 11:27:18.186  1324  1324 I DEBUG   :          bfcb4bdc  400808d8  /system/lib/libsurfaceflinger.so
06-19 11:27:18.186  1324  1324 I DEBUG   :          bfcb4be0  400808d8  /system/lib/libsurfaceflinger.so
06-19 11:27:18.186  1324  1324 I DEBUG   :          bfcb4be4  4006b4fa  /system/lib/libsurfaceflinger.so
06-19 11:27:18.186  1324  1324 I DEBUG   :          bfcb4be8  41778838  [heap]
06-19 11:27:18.186  1324  1324 I DEBUG   :          bfcb4bec  4004ae59  /system/lib/libsurfaceflinger.so (android::SurfaceFlinger::onFirstRef()+105)
06-19 11:27:18.186  1324  1324 I DEBUG   :          ........  ........
06-19 11:27:18.186  1324  1324 I DEBUG   : 
06-19 11:27:18.186  1324  1324 I DEBUG   : memory map around fault addr 4005f461:
06-19 11:27:18.186  1324  1324 I DEBUG   :     40027000-40029000 r-- 
06-19 11:27:18.186  1324  1324 I DEBUG   :     40029000-4007a000 r-x /system/lib/libsurfaceflinger.so
06-19 11:27:18.186  1324  1324 I DEBUG   :     4007a000-40081000 r-- /system/lib/libsurfaceflinger.so
06-19 11:27:18.246  1321  1321 I ServiceManager: service 'media.audio_flinger' died
06-19 11:27:18.246  1321  1321 I ServiceManager: service 'media.player' died
06-19 11:27:18.246  1321  1321 I ServiceManager: service 'media.camera' died
06-19 11:27:23.286  1624  1624 I Netd    : Netd 1.0 starting
06-19 11:27:23.286  1624  1624 W InterfaceController: Warning (dlopen failed: library "/system/lib/libnetcmdiface.so" not found) while opening the net interface command library
06-19 11:27:23.306  1625  1625 I SurfaceFlinger: SurfaceFlinger is starting
06-19 11:27:23.306  1625  1625 I SurfaceFlinger: SurfaceFlinger's main thread ready to run. Initializing graphics H/W...
06-19 11:27:23.306  1625  1625 D libEGL  : 3D hardware acceleration is disabled
06-19 11:27:23.306  1625  1625 D libEGL  : Emulator without GPU support detected. Fallback to software renderer.
06-19 11:27:23.316  1625  1625 D libEGL  : loaded /system/lib/egl/libGLES_android.so
06-19 11:27:23.436  1625  1625 W gralloc : page flipping not supported (yres_virtual=600, requested=1200)
06-19 11:27:23.436  1625  1625 I gralloc : using (fd=14)
06-19 11:27:23.436  1625  1625 I gralloc : id           = VESA VGA
06-19 11:27:23.436  1625  1625 I gralloc : xres         = 800 px
06-19 11:27:23.436  1625  1625 I gralloc : yres         = 600 px
06-19 11:27:23.436  1625  1625 I gralloc : xres_virtual = 800 px
06-19 11:27:23.436  1625  1625 I gralloc : yres_virtual = 600 px
06-19 11:27:23.436  1625  1625 I gralloc : bpp          = 16
06-19 11:27:23.436  1625  1625 I gralloc : r            = 11:5
06-19 11:27:23.436  1625  1625 I gralloc : g            =  5:6
06-19 11:27:23.436  1625  1625 I gralloc : b            =  0:5
06-19 11:27:23.436  1625  1625 I gralloc : width        = 127 mm (160.000000 dpi)
06-19 11:27:23.436  1625  1625 I gralloc : height       = 95 mm (160.421051 dpi)
06-19 11:27:23.436  1625  1625 I gralloc : refresh rate = 91.11 Hz
06-19 11:27:23.436  1625  1625 E SurfaceFlinger: hwcomposer module not found
06-19 11:27:23.436  1625  1625 F libc    : Fatal signal 4 (SIGILL) at 0x4005f461 (code=2), thread 1625 (surfaceflinger)
06-19 11:27:23.466  1626  1626 D AndroidRuntime: 
06-19 11:27:23.466  1626  1626 D AndroidRuntime: >>>>>> AndroidRuntime START com.android.internal.os.ZygoteInit <<<<<<
06-19 11:27:23.486  1626  1626 D AndroidRuntime: CheckJNI is ON
06-19 11:27:23.486  1627  1627 I mediaserver: ServiceManager: 0x411d0db0
06-19 11:27:23.486  1626  1626 D dalvikvm: Trying to load lib libjavacore.so 0x0
06-19 11:27:23.486  1627  1627 I AudioFlinger: Using default 3000 mSec as standby time.
06-19 11:27:23.486  1627  1627 I CameraService: CameraService started (pid=1627)
06-19 11:27:23.486  1627  1627 D Camera_Factory: CameraFactory::CameraFactory
06-19 11:27:23.486  1627  1627 D Camera_Factory: CameraFactory::parseConfig: configFile = /etc/camera.cfg
06-19 11:27:23.486  1627  1627 D Camera_Factory: /etc/camera.cfg not found, using camera configuration defaults
06-19 11:27:23.486  1627  1627 D Camera_Factory: Found device /dev/video0
06-19 11:27:23.496  1627  1627 D Camera_Factory: CameraFactory::newCameraConfig: 0 -> /dev/video0 (0)
06-19 11:27:23.496  1627  1627 I CameraService: Loaded "Camera Module" camera module
06-19 11:27:23.496  1627  1627 D Camera_Factory: CameraFactory::get_number_of_cameras
06-19 11:27:23.496  1627  1627 D Camera_Factory: CameraFactory::getCameraNum: 1
06-19 11:27:23.496  1627  1627 I AudioPolicyManagerBase: loadAudioPolicyConfig() loaded /system/etc/audio_policy.conf
06-19 11:27:23.496  1627  1627 E audio_hw_primary: Failed to open /system/etc/mixer_paths.xml
06-19 11:27:23.496  1627  1627 I AudioFlinger: loadHwModule() Loaded primary audio interface from Grouper audio HW HAL (audio) handle 1
06-19 11:27:23.496  1627  1627 I AudioFlinger: HAL output buffer size 512 frames, normal mix buffer size 1024 frames
06-19 11:27:23.496  1627  1627 I AudioMixer: found effect "Multichannel Downmix To Stereo" from The Android Open Source Project
06-19 11:27:23.496  1626  1626 E houdini_hook: Unable to open libdvm_houdini lib
06-19 11:27:23.496  1626  1626 E houdini_hook: Unable to open libdvm_houdini lib
06-19 11:27:23.496  1626  1626 E houdini_hook: Unable to open libdvm_houdini lib
06-19 11:27:23.496  1626  1626 E houdini_hook: Unable to open libdvm_houdini lib
06-19 11:27:23.496  1626  1626 E houdini_hook: Unable to open libdvm_houdini lib
06-19 11:27:23.496  1626  1626 E houdini_hook: Unable to open libdvm_houdini lib
06-19 11:27:23.496  1626  1626 D dalvikvm: Added shared lib libjavacore.so 0x0
06-19 11:27:23.496  1627  1627 E MonoPipe: Failed to fetch local time frequency when constructing a MonoPipe (res = -32).  getNextWriteTimestamp calls will be non-functional
06-19 11:27:23.496  1626  1626 D dalvikvm: Trying to load lib libnativehelper.so 0x0
06-19 11:27:23.506  1626  1626 E houdini_hook: Unable to open libdvm_houdini lib
06-19 11:27:23.506  1626  1626 E houdini_hook: Unable to open libdvm_houdini lib
06-19 11:27:23.506  1626  1626 E houdini_hook: Unable to open libdvm_houdini lib
06-19 11:27:23.506  1626  1626 E houdini_hook: Unable to open libdvm_houdini lib
06-19 11:27:23.506  1626  1626 E houdini_hook: Unable to open libdvm_houdini lib
06-19 11:27:23.506  1626  1626 E houdini_hook: Unable to open libdvm_houdini lib
06-19 11:27:23.506  1626  1626 D dalvikvm: Added shared lib libnativehelper.so 0x0
06-19 11:27:23.506  1626  1626 D dalvikvm: No JNI_OnLoad found in libnativehelper.so 0x0, skipping init
06-19 11:27:23.526  1626  1626 D dalvikvm: Note: class Landroid/app/ActivityManagerNative; has 179 unimplemented (abstract) methods
06-19 11:27:23.536  1324  1324 I DEBUG   : *** *** *** *** *** *** *** *** *** *** *** *** *** *** *** ***
06-19 11:27:23.536  1324  1324 I DEBUG   : Build fingerprint: 'unknown'
06-19 11:27:23.536  1324  1324 I DEBUG   : Revision: '0'
06-19 11:27:23.536  1324  1324 I DEBUG   : pid: 1625, tid: 1625, name: surfaceflinger  >>> /system/bin/surfaceflinger <<<
06-19 11:27:23.536  1324  1324 I DEBUG   : signal 4 (SIGILL), code 2 (ILL_ILLOPN), fault addr 4005f461
06-19 11:27:23.586  1324  1324 I DEBUG   :     eax 4006d2e4  ebx 400808d8  ecx 406a3320  edx 00000001
06-19 11:27:23.586  1324  1324 I DEBUG   :     esi 00000000  edi 4006bafe
06-19 11:27:23.586  1324  1324 I DEBUG   :     xcs 00000073  xds 0000007b  xes 0000007b  xfs 00000000  xss 0000007b
06-19 11:27:23.586  1324  1324 I DEBUG   :     eip 4005f461  ebp 406a3200  esp bff597c0  flags 00010246
06-19 11:27:23.586  1324  1324 E Corkscrew: unrecognized DW_CFA_* instruction: 0x10
06-19 11:27:23.586  1324  1324 I DEBUG   : 
06-19 11:27:23.586  1324  1324 I DEBUG   : backtrace:
06-19 11:27:23.586  1324  1324 I DEBUG   :     #00  pc 00036461  /system/lib/libsurfaceflinger.so (android::HWComposer::HWComposer(android::sp<android::SurfaceFlinger> const&, android::HWComposer::EventHandler&)+2001)
06-19 11:27:23.586  1324  1324 I DEBUG   :     #01  pc 0002b2b6  /system/lib/libsurfaceflinger.so (android::SurfaceFlinger::init()+182)
06-19 11:27:23.586  1324  1324 I DEBUG   :     #02  pc 00000931  /system/bin/surfaceflinger (main+209)
06-19 11:27:23.586  1324  1324 I DEBUG   : 
06-19 11:27:23.586  1324  1324 I DEBUG   : stack:
06-19 11:27:23.586  1324  1324 I DEBUG   :          bff59780  00000020  
06-19 11:27:23.586  1324  1324 I DEBUG   :          bff59784  4022db23  /system/lib/libEGL.so
06-19 11:27:23.586  1324  1324 I DEBUG   :          bff59788  40179629  /system/lib/libhardware.so (hw_get_module_by_class+9)
06-19 11:27:23.586  1324  1324 I DEBUG   :          bff5978c  400808d8  /system/lib/libsurfaceflinger.so
06-19 11:27:23.586  1324  1324 I DEBUG   :          bff59790  00000000  
06-19 11:27:23.586  1324  1324 I DEBUG   :          bff59794  4006bafe  /system/lib/libsurfaceflinger.so
06-19 11:27:23.586  1324  1324 I DEBUG   :          bff59798  406a3200  [anon:libc_malloc]
06-19 11:27:23.586  1324  1324 I DEBUG   :          bff5979c  ac422c71  
06-19 11:27:23.586  1324  1324 I DEBUG   :          bff597a0  4006bafe  /system/lib/libsurfaceflinger.so
06-19 11:27:23.586  1324  1324 I DEBUG   :          bff597a4  00000000  
06-19 11:27:23.586  1324  1324 I DEBUG   :          bff597a8  4008f2c9  /system/lib/libcutils.so (__android_log_print+9)
06-19 11:27:23.586  1324  1324 I DEBUG   :          bff597ac  400808d8  /system/lib/libsurfaceflinger.so
06-19 11:27:23.586  1324  1324 I DEBUG   :          bff597b0  00000000  
06-19 11:27:23.586  1324  1324 I DEBUG   :          bff597b4  4006bafe  /system/lib/libsurfaceflinger.so
06-19 11:27:23.586  1324  1324 I DEBUG   :          bff597b8  406a3200  [anon:libc_malloc]
06-19 11:27:23.586  1324  1324 I DEBUG   :          bff597bc  4005ef56  /system/lib/libsurfaceflinger.so (android::HWComposer::HWComposer(android::sp<android::SurfaceFlinger> const&, android::HWComposer::EventHandler&)+710)
06-19 11:27:23.586  1324  1324 I DEBUG   :     #00  bff597c0  00000006  
06-19 11:27:23.586  1324  1324 I DEBUG   :          bff597c4  4006b4fa  /system/lib/libsurfaceflinger.so
06-19 11:27:23.586  1324  1324 I DEBUG   :          bff597c8  4006bae6  /system/lib/libsurfaceflinger.so
06-19 11:27:23.586  1324  1324 I DEBUG   :          bff597cc  4006bafe  /system/lib/libsurfaceflinger.so
06-19 11:27:23.586  1324  1324 I DEBUG   :          bff597d0  4022dfe6  /system/lib/libEGL.so
06-19 11:27:23.586  1324  1324 I DEBUG   :          bff597d4  400ae1b6  /system/lib/libc.so (malloc+6)
06-19 11:27:23.586  1324  1324 I DEBUG   :          bff597d8  40151fd0  /system/lib/libstdc++.so
06-19 11:27:23.586  1324  1324 I DEBUG   :          bff597dc  4014f9ac  /system/lib/libstdc++.so (operator new(unsigned int)+28)
06-19 11:27:23.586  1324  1324 I DEBUG   :          bff597e0  0000000c  
06-19 11:27:23.586  1324  1324 I DEBUG   :          bff597e4  00000000  
06-19 11:27:23.596  1324  1324 I DEBUG   :          bff597e8  4022ce59  /system/lib/libEGL.so (android::Loader::init_api(void*, char const* const*, void (**)(), void (*(*)(char const*))())+9)
06-19 11:27:23.596  1324  1324 I DEBUG   :          bff597ec  400aef29  /system/lib/libc.so (pthread_mutex_unlock+25)
06-19 11:27:23.596  1324  1324 I DEBUG   :          bff597f0  d794354e  
06-19 11:27:23.596  1324  1324 I DEBUG   :          bff597f4  4164ef21  
06-19 11:27:23.596  1324  1324 I DEBUG   :          bff597f8  40267040  /system/lib/libEGL.so
06-19 11:27:23.596  1324  1324 I DEBUG   :          bff597fc  406a3318  [anon:libc_malloc]
06-19 11:27:23.596  1324  1324 I DEBUG   :          ........  ........
06-19 11:27:23.596  1324  1324 I DEBUG   :     #01  bff598c0  406a3200  [anon:libc_malloc]
06-19 11:27:23.596  1324  1324 I DEBUG   :          bff598c4  bff59928  [stack]
06-19 11:27:23.596  1324  1324 I DEBUG   :          bff598c8  406fe834  [heap]
06-19 11:27:23.596  1324  1324 I DEBUG   :          bff598cc  40190d18  /system/lib/libutils.so (android::String8::appendFormat(char const*, ...)+152)
06-19 11:27:23.596  1324  1324 I DEBUG   :          bff598d0  0000000c  
06-19 11:27:23.596  1324  1324 I DEBUG   :          bff598d4  66666667  
06-19 11:27:23.596  1324  1324 I DEBUG   :          bff598d8  40097e48  /system/lib/libcutils.so
06-19 11:27:23.596  1324  1324 I DEBUG   :          bff598dc  4008a2cf  /system/lib/libcutils.so (set_sched_policy+479)
06-19 11:27:23.596  1324  1324 I DEBUG   :          bff598e0  0000000c  
06-19 11:27:23.596  1324  1324 I DEBUG   :          bff598e4  bff59927  [stack]
06-19 11:27:23.596  1324  1324 I DEBUG   :          bff598e8  00000004  
06-19 11:27:23.596  1324  1324 I DEBUG   :          bff598ec  400808d8  /system/lib/libsurfaceflinger.so
06-19 11:27:23.596  1324  1324 I DEBUG   :          bff598f0  400808d8  /system/lib/libsurfaceflinger.so
06-19 11:27:23.596  1324  1324 I DEBUG   :          bff598f4  4006b4fa  /system/lib/libsurfaceflinger.so
06-19 11:27:23.596  1324  1324 I DEBUG   :          bff598f8  406fe838  [heap]
06-19 11:27:23.596  1324  1324 I DEBUG   :          bff598fc  4004ae59  /system/lib/libsurfaceflinger.so (android::SurfaceFlinger::onFirstRef()+105)
06-19 11:27:23.596  1324  1324 I DEBUG   :          ........  ........
06-19 11:27:23.596  1324  1324 I DEBUG   : 
06-19 11:27:23.596  1324  1324 I DEBUG   : memory map around fault addr 4005f461:
06-19 11:27:23.596  1324  1324 I DEBUG   :     40027000-40029000 r-- 
06-19 11:27:23.596  1324  1324 I DEBUG   :     40029000-4007a000 r-x /system/lib/libsurfaceflinger.so
06-19 11:27:23.596  1324  1324 I DEBUG   :     4007a000-40081000 r-- /system/lib/libsurfaceflinger.so
06-19 11:27:23.666  1321  1321 I ServiceManager: service 'media.audio_flinger' died
06-19 11:27:23.666  1321  1321 I ServiceManager: service 'media.player' died
06-19 11:27:23.666  1321  1321 I ServiceManager: service 'media.camera' died
06-19 11:27:27.706  1654  1654 I Netd    : Netd 1.0 starting
06-19 11:27:27.706  1654  1654 W InterfaceController: Warning (dlopen failed: library "/system/lib/libnetcmdiface.so" not found) while opening the net interface command library
06-19 11:27:27.716  1655  1655 I SurfaceFlinger: SurfaceFlinger is starting
06-19 11:27:27.756  1655  1655 I SurfaceFlinger: SurfaceFlinger's main thread ready to run. Initializing graphics H/W...
06-19 11:27:27.756  1655  1655 D libEGL  : 3D hardware acceleration is disabled
06-19 11:27:27.756  1655  1655 D libEGL  : Emulator without GPU support detected. Fallback to software renderer.
06-19 11:27:27.756  1655  1655 D libEGL  : loaded /system/lib/egl/libGLES_android.so
06-19 11:27:27.886  1655  1655 W gralloc : page flipping not supported (yres_virtual=600, requested=1200)
06-19 11:27:27.886  1655  1655 I gralloc : using (fd=14)
06-19 11:27:27.886  1655  1655 I gralloc : id           = VESA VGA
06-19 11:27:27.886  1655  1655 I gralloc : xres         = 800 px
06-19 11:27:27.886  1655  1655 I gralloc : yres         = 600 px
06-19 11:27:27.886  1655  1655 I gralloc : xres_virtual = 800 px
06-19 11:27:27.886  1655  1655 I gralloc : yres_virtual = 600 px
06-19 11:27:27.886  1655  1655 I gralloc : bpp          = 16
06-19 11:27:27.886  1655  1655 I gralloc : r            = 11:5
06-19 11:27:27.886  1655  1655 I gralloc : g            =  5:6
06-19 11:27:27.886  1655  1655 I gralloc : b            =  0:5
06-19 11:27:27.886  1655  1655 I gralloc : width        = 127 mm (160.000000 dpi)
06-19 11:27:27.886  1655  1655 I gralloc : height       = 95 mm (160.421051 dpi)
06-19 11:27:27.886  1655  1655 I gralloc : refresh rate = 91.11 Hz
06-19 11:27:27.886  1655  1655 E SurfaceFlinger: hwcomposer module not found
06-19 11:27:27.886  1655  1655 F libc    : Fatal signal 4 (SIGILL) at 0x4005f461 (code=2), thread 1655 (surfaceflinger)
06-19 11:27:27.906  1656  1656 D AndroidRuntime: 
06-19 11:27:27.906  1656  1656 D AndroidRuntime: >>>>>> AndroidRuntime START com.android.internal.os.ZygoteInit <<<<<<
06-19 11:27:27.906  1657  1657 I mediaserver: ServiceManager: 0x415bfd40
06-19 11:27:27.906  1657  1657 I AudioFlinger: Using default 3000 mSec as standby time.
06-19 11:27:27.906  1657  1657 I CameraService: CameraService started (pid=1657)
06-19 11:27:27.906  1657  1657 D Camera_Factory: CameraFactory::CameraFactory
06-19 11:27:27.906  1656  1656 D AndroidRuntime: CheckJNI is ON
06-19 11:27:27.906  1657  1657 D Camera_Factory: CameraFactory::parseConfig: configFile = /etc/camera.cfg
06-19 11:27:27.906  1657  1657 D Camera_Factory: /etc/camera.cfg not found, using camera configuration defaults
06-19 11:27:27.906  1657  1657 D Camera_Factory: Found device /dev/video0
06-19 11:27:27.906  1657  1657 D Camera_Factory: CameraFactory::newCameraConfig: 0 -> /dev/video0 (0)
06-19 11:27:27.906  1657  1657 I CameraService: Loaded "Camera Module" camera module
06-19 11:27:27.906  1657  1657 D Camera_Factory: CameraFactory::get_number_of_cameras
06-19 11:27:27.906  1657  1657 D Camera_Factory: CameraFactory::getCameraNum: 1
06-19 11:27:27.906  1657  1657 I AudioPolicyManagerBase: loadAudioPolicyConfig() loaded /system/etc/audio_policy.conf
06-19 11:27:27.906  1657  1657 E audio_hw_primary: Failed to open /system/etc/mixer_paths.xml
06-19 11:27:27.906  1657  1657 I AudioFlinger: loadHwModule() Loaded primary audio interface from Grouper audio HW HAL (audio) handle 1
06-19 11:27:27.906  1657  1657 I AudioFlinger: HAL output buffer size 512 frames, normal mix buffer size 1024 frames
06-19 11:27:27.906  1657  1657 I AudioMixer: found effect "Multichannel Downmix To Stereo" from The Android Open Source Project
06-19 11:27:27.906  1657  1657 E MonoPipe: Failed to fetch local time frequency when constructing a MonoPipe (res = -32).  getNextWriteTimestamp calls will be non-functional
06-19 11:27:27.916  1656  1656 D dalvikvm: Trying to load lib libjavacore.so 0x0
06-19 11:27:27.916  1656  1656 E houdini_hook: Unable to open libdvm_houdini lib
06-19 11:27:27.916  1656  1656 E houdini_hook: Unable to open libdvm_houdini lib
06-19 11:27:27.916  1656  1656 E houdini_hook: Unable to open libdvm_houdini lib
06-19 11:27:27.916  1656  1656 E houdini_hook: Unable to open libdvm_houdini lib
06-19 11:27:27.916  1656  1656 E houdini_hook: Unable to open libdvm_houdini lib
06-19 11:27:27.916  1656  1656 E houdini_hook: Unable to open libdvm_houdini lib
06-19 11:27:27.916  1656  1656 D dalvikvm: Added shared lib libjavacore.so 0x0
06-19 11:27:27.916  1656  1656 D dalvikvm: Trying to load lib libnativehelper.so 0x0
06-19 11:27:27.926  1656  1656 E houdini_hook: Unable to open libdvm_houdini lib
06-19 11:27:27.926  1656  1656 E houdini_hook: Unable to open libdvm_houdini lib
06-19 11:27:27.926  1656  1656 E houdini_hook: Unable to open libdvm_houdini lib
06-19 11:27:27.926  1656  1656 E houdini_hook: Unable to open libdvm_houdini lib
06-19 11:27:27.926  1656  1656 E houdini_hook: Unable to open libdvm_houdini lib
06-19 11:27:27.926  1656  1656 E houdini_hook: Unable to open libdvm_houdini lib
06-19 11:27:27.926  1656  1656 D dalvikvm: Added shared lib libnativehelper.so 0x0
06-19 11:27:27.926  1656  1656 D dalvikvm: No JNI_OnLoad found in libnativehelper.so 0x0, skipping init
06-19 11:27:27.956  1656  1656 D dalvikvm: Note: class Landroid/app/ActivityManagerNative; has 179 unimplemented (abstract) methods
06-19 11:27:27.986  1324  1324 I DEBUG   : *** *** *** *** *** *** *** *** *** *** *** *** *** *** *** ***
06-19 11:27:27.986  1324  1324 I DEBUG   : Build fingerprint: 'unknown'
06-19 11:27:27.986  1324  1324 I DEBUG   : Revision: '0'
06-19 11:27:27.986  1324  1324 I DEBUG   : pid: 1655, tid: 1655, name: surfaceflinger  >>> /system/bin/surfaceflinger <<<
06-19 11:27:27.986  1324  1324 I DEBUG   : signal 4 (SIGILL), code 2 (ILL_ILLOPN), fault addr 4005f461
06-19 11:27:28.036  1324  1324 I DEBUG   :     eax 4006d2e4  ebx 400808d8  ecx 41ba2ad0  edx 00000001
06-19 11:27:28.036  1324  1324 I DEBUG   :     esi 00000000  edi 4006bafe
06-19 11:27:28.036  1324  1324 I DEBUG   :     xcs 00000073  xds 0000007b  xes 0000007b  xfs 00000000  xss 0000007b
06-19 11:27:28.036  1324  1324 I DEBUG   :     eip 4005f461  ebp 41ba29b0  esp bf958f20  flags 00010246
06-19 11:27:28.036  1324  1324 E Corkscrew: unrecognized DW_CFA_* instruction: 0x10
06-19 11:27:28.036  1324  1324 I DEBUG   : 
06-19 11:27:28.036  1324  1324 I DEBUG   : backtrace:
06-19 11:27:28.036  1324  1324 I DEBUG   :     #00  pc 00036461  /system/lib/libsurfaceflinger.so (android::HWComposer::HWComposer(android::sp<android::SurfaceFlinger> const&, android::HWComposer::EventHandler&)+2001)
06-19 11:27:28.036  1324  1324 I DEBUG   :     #01  pc 0002b2b6  /system/lib/libsurfaceflinger.so (android::SurfaceFlinger::init()+182)
06-19 11:27:28.036  1324  1324 I DEBUG   :     #02  pc 00000931  /system/bin/surfaceflinger (main+209)
06-19 11:27:28.036  1324  1324 I DEBUG   : 
06-19 11:27:28.036  1324  1324 I DEBUG   : stack:
06-19 11:27:28.036  1324  1324 I DEBUG   :          bf958ee0  00000020  
06-19 11:27:28.036  1324  1324 I DEBUG   :          bf958ee4  4022db23  /system/lib/libEGL.so
06-19 11:27:28.036  1324  1324 I DEBUG   :          bf958ee8  40179629  /system/lib/libhardware.so (hw_get_module_by_class+9)
06-19 11:27:28.036  1324  1324 I DEBUG   :          bf958eec  400808d8  /system/lib/libsurfaceflinger.so
06-19 11:27:28.036  1324  1324 I DEBUG   :          bf958ef0  00000000  
06-19 11:27:28.036  1324  1324 I DEBUG   :          bf958ef4  4006bafe  /system/lib/libsurfaceflinger.so
06-19 11:27:28.036  1324  1324 I DEBUG   :          bf958ef8  41ba29b0  [heap]
06-19 11:27:28.036  1324  1324 I DEBUG   :          bf958efc  d209ec6f  
06-19 11:27:28.036  1324  1324 I DEBUG   :          bf958f00  4006bafe  /system/lib/libsurfaceflinger.so
06-19 11:27:28.036  1324  1324 I DEBUG   :          bf958f04  00000000  
06-19 11:27:28.036  1324  1324 I DEBUG   :          bf958f08  4008f2c9  /system/lib/libcutils.so (__android_log_print+9)
06-19 11:27:28.036  1324  1324 I DEBUG   :          bf958f0c  400808d8  /system/lib/libsurfaceflinger.so
06-19 11:27:28.036  1324  1324 I DEBUG   :          bf958f10  00000000  
06-19 11:27:28.036  1324  1324 I DEBUG   :          bf958f14  4006bafe  /system/lib/libsurfaceflinger.so
06-19 11:27:28.036  1324  1324 I DEBUG   :          bf958f18  41ba29b0  [heap]
06-19 11:27:28.036  1324  1324 I DEBUG   :          bf958f1c  4005ef56  /system/lib/libsurfaceflinger.so (android::HWComposer::HWComposer(android::sp<android::SurfaceFlinger> const&, android::HWComposer::EventHandler&)+710)
06-19 11:27:28.036  1324  1324 I DEBUG   :     #00  bf958f20  00000006  
06-19 11:27:28.036  1324  1324 I DEBUG   :          bf958f24  4006b4fa  /system/lib/libsurfaceflinger.so
06-19 11:27:28.036  1324  1324 I DEBUG   :          bf958f28  4006bae6  /system/lib/libsurfaceflinger.so
06-19 11:27:28.036  1324  1324 I DEBUG   :          bf958f2c  4006bafe  /system/lib/libsurfaceflinger.so
06-19 11:27:28.036  1324  1324 I DEBUG   :          bf958f30  4022dfe6  /system/lib/libEGL.so
06-19 11:27:28.036  1324  1324 I DEBUG   :          bf958f34  400ae1b6  /system/lib/libc.so (malloc+6)
06-19 11:27:28.036  1324  1324 I DEBUG   :          bf958f38  40151fd0  /system/lib/libstdc++.so
06-19 11:27:28.036  1324  1324 I DEBUG   :          bf958f3c  4014f9ac  /system/lib/libstdc++.so (operator new(unsigned int)+28)
06-19 11:27:28.036  1324  1324 I DEBUG   :          bf958f40  0000000c  
06-19 11:27:28.036  1324  1324 I DEBUG   :          bf958f44  00000000  
06-19 11:27:28.036  1324  1324 I DEBUG   :          bf958f48  4022ce59  /system/lib/libEGL.so (android::Loader::init_api(void*, char const* const*, void (**)(), void (*(*)(char const*))())+9)
06-19 11:27:28.036  1324  1324 I DEBUG   :          bf958f4c  400aef29  /system/lib/libc.so (pthread_mutex_unlock+25)
06-19 11:27:28.036  1324  1324 I DEBUG   :          bf958f50  d794354e  
06-19 11:27:28.036  1324  1324 I DEBUG   :          bf958f54  4164ef21  
06-19 11:27:28.036  1324  1324 I DEBUG   :          bf958f58  40267040  /system/lib/libEGL.so
06-19 11:27:28.036  1324  1324 I DEBUG   :          bf958f5c  41ba2ac8  [heap]
06-19 11:27:28.036  1324  1324 I DEBUG   :          ........  ........
06-19 11:27:28.036  1324  1324 I DEBUG   :     #01  bf959020  41ba29b0  [heap]
06-19 11:27:28.036  1324  1324 I DEBUG   :          bf959024  bf959088  [stack]
06-19 11:27:28.036  1324  1324 I DEBUG   :          bf959028  41ba0834  [heap]
06-19 11:27:28.036  1324  1324 I DEBUG   :          bf95902c  40190d18  /system/lib/libutils.so (android::String8::appendFormat(char const*, ...)+152)
06-19 11:27:28.036  1324  1324 I DEBUG   :          bf959030  00000009  
06-19 11:27:28.036  1324  1324 I DEBUG   :          bf959034  66666667  
06-19 11:27:28.036  1324  1324 I DEBUG   :          bf959038  40097e48  /system/lib/libcutils.so
06-19 11:27:28.036  1324  1324 I DEBUG   :          bf95903c  4008a2cf  /system/lib/libcutils.so (set_sched_policy+479)
06-19 11:27:28.036  1324  1324 I DEBUG   :          bf959040  00000009  
06-19 11:27:28.036  1324  1324 I DEBUG   :          bf959044  bf959087  [stack]
06-19 11:27:28.036  1324  1324 I DEBUG   :          bf959048  00000004  
06-19 11:27:28.036  1324  1324 I DEBUG   :          bf95904c  400808d8  /system/lib/libsurfaceflinger.so
06-19 11:27:28.036  1324  1324 I DEBUG   :          bf959050  400808d8  /system/lib/libsurfaceflinger.so
06-19 11:27:28.036  1324  1324 I DEBUG   :          bf959054  4006b4fa  /system/lib/libsurfaceflinger.so
06-19 11:27:28.036  1324  1324 I DEBUG   :          bf959058  41ba0838  [heap]
06-19 11:27:28.036  1324  1324 I DEBUG   :          bf95905c  4004ae59  /system/lib/libsurfaceflinger.so (android::SurfaceFlinger::onFirstRef()+105)
06-19 11:27:28.046  1324  1324 I DEBUG   :          ........  ........
06-19 11:27:28.046  1324  1324 I DEBUG   : 
06-19 11:27:28.046  1324  1324 I DEBUG   : memory map around fault addr 4005f461:
06-19 11:27:28.046  1324  1324 I DEBUG   :     40027000-40029000 r-- 
06-19 11:27:28.046  1324  1324 I DEBUG   :     40029000-4007a000 r-x /system/lib/libsurfaceflinger.so
06-19 11:27:28.046  1324  1324 I DEBUG   :     4007a000-40081000 r-- /system/lib/libsurfaceflinger.so
06-19 11:27:28.106  1321  1321 I ServiceManager: service 'media.audio_flinger' died
06-19 11:27:28.106  1321  1321 I ServiceManager: service 'media.player' died
06-19 11:27:28.106  1321  1321 I ServiceManager: service 'media.camera' died
06-19 11:27:33.146  1684  1684 I Netd    : Netd 1.0 starting
06-19 11:27:33.146  1684  1684 W InterfaceController: Warning (dlopen failed: library "/system/lib/libnetcmdiface.so" not found) while opening the net interface command library
06-19 11:27:33.156  1685  1685 I SurfaceFlinger: SurfaceFlinger is starting
06-19 11:27:33.196  1685  1685 I SurfaceFlinger: SurfaceFlinger's main thread ready to run. Initializing graphics H/W...
06-19 11:27:33.196  1685  1685 D libEGL  : 3D hardware acceleration is disabled
