06-19 11:26:52.626  1432  1432 D libEGL  : Emulator without GPU support detected. Fallback to software renderer.
06-19 11:26:52.626  1432  1432 D libEGL  : loaded /system/lib/egl/libGLES_android.so
06-19 11:26:52.756  1432  1432 W gralloc : page flipping not supported (yres_virtual=600, requested=1200)
06-19 11:26:52.756  1432  1432 I gralloc : using (fd=14)
06-19 11:26:52.756  1432  1432 I gralloc : id           = VESA VGA
06-19 11:26:52.756  1432  1432 I gralloc : xres         = 800 px
06-19 11:26:52.756  1432  1432 I gralloc : yres         = 600 px
06-19 11:26:52.756  1432  1432 I gralloc : xres_virtual = 800 px
06-19 11:26:52.756  1432  1432 I gralloc : yres_virtual = 600 px
06-19 11:26:52.756  1432  1432 I gralloc : bpp          = 16
06-19 11:26:52.756  1432  1432 I gralloc : r            = 11:5
06-19 11:26:52.756  1432  1432 I gralloc : g            =  5:6
06-19 11:26:52.756  1432  1432 I gralloc : b            =  0:5
06-19 11:26:52.756  1432  1432 I gralloc : width        = 127 mm (160.000000 dpi)
06-19 11:26:52.756  1432  1432 I gralloc : height       = 95 mm (160.421051 dpi)
06-19 11:26:52.756  1432  1432 I gralloc : refresh rate = 91.11 Hz
06-19 11:26:52.756  1432  1432 E SurfaceFlinger: hwcomposer module not found
06-19 11:26:52.756  1432  1432 F libc    : Fatal signal 4 (SIGILL) at 0x4005f461 (code=2), thread 1432 (surfaceflinger)
06-19 11:26:52.756  1433  1433 D AndroidRuntime: 
06-19 11:26:52.756  1433  1433 D AndroidRuntime: >>>>>> AndroidRuntime START com.android.internal.os.ZygoteInit <<<<<<
06-19 11:26:52.776  1434  1434 I mediaserver: ServiceManager: 0x411d0db0
06-19 11:26:52.776  1434  1434 I AudioFlinger: Using default 3000 mSec as standby time.
06-19 11:26:52.776  1434  1434 I CameraService: CameraService started (pid=1434)
06-19 11:26:52.776  1434  1434 D Camera_Factory: CameraFactory::CameraFactory
06-19 11:26:52.776  1434  1434 D Camera_Factory: CameraFactory::parseConfig: configFile = /etc/camera.cfg
06-19 11:26:52.776  1434  1434 D Camera_Factory: /etc/camera.cfg not found, using camera configuration defaults
06-19 11:26:52.776  1434  1434 D Camera_Factory: Found device /dev/video0
06-19 11:26:52.776  1433  1433 D AndroidRuntime: CheckJNI is ON
06-19 11:26:52.776  1434  1434 D Camera_Factory: CameraFactory::newCameraConfig: 0 -> /dev/video0 (0)
06-19 11:26:52.776  1434  1434 I CameraService: Loaded "Camera Module" camera module
06-19 11:26:52.776  1434  1434 D Camera_Factory: CameraFactory::get_number_of_cameras
06-19 11:26:52.776  1434  1434 D Camera_Factory: CameraFactory::getCameraNum: 1
06-19 11:26:52.776  1434  1434 I AudioPolicyManagerBase: loadAudioPolicyConfig() loaded /system/etc/audio_policy.conf
06-19 11:26:52.776  1434  1434 E audio_hw_primary: Failed to open /system/etc/mixer_paths.xml
06-19 11:26:52.776  1434  1434 I AudioFlinger: loadHwModule() Loaded primary audio interface from Grouper audio HW HAL (audio) handle 1
06-19 11:26:52.776  1434  1434 I AudioFlinger: HAL output buffer size 512 frames, normal mix buffer size 1024 frames
06-19 11:26:52.776  1434  1434 I AudioMixer: found effect "Multichannel Downmix To Stereo" from The Android Open Source Project
06-19 11:26:52.776  1434  1434 E MonoPipe: Failed to fetch local time frequency when constructing a MonoPipe (res = -32).  getNextWriteTimestamp calls will be non-functional
06-19 11:26:52.786  1433  1433 D dalvikvm: Trying to load lib libjavacore.so 0x0
06-19 11:26:52.786  1433  1433 E houdini_hook: Unable to open libdvm_houdini lib
06-19 11:26:52.786  1433  1433 E houdini_hook: Unable to open libdvm_houdini lib
06-19 11:26:52.786  1433  1433 E houdini_hook: Unable to open libdvm_houdini lib
06-19 11:26:52.786  1433  1433 E houdini_hook: Unable to open libdvm_houdini lib
06-19 11:26:52.786  1433  1433 E houdini_hook: Unable to open libdvm_houdini lib
06-19 11:26:52.786  1433  1433 E houdini_hook: Unable to open libdvm_houdini lib
06-19 11:26:52.786  1433  1433 D dalvikvm: Added shared lib libjavacore.so 0x0
06-19 11:26:52.786  1433  1433 D dalvikvm: Trying to load lib libnativehelper.so 0x0
06-19 11:26:52.786  1433  1433 E houdini_hook: Unable to open libdvm_houdini lib
06-19 11:26:52.786  1433  1433 E houdini_hook: Unable to open libdvm_houdini lib
06-19 11:26:52.786  1433  1433 E houdini_hook: Unable to open libdvm_houdini lib
06-19 11:26:52.786  1433  1433 E houdini_hook: Unable to open libdvm_houdini lib
06-19 11:26:52.786  1433  1433 E houdini_hook: Unable to open libdvm_houdini lib
06-19 11:26:52.786  1433  1433 E houdini_hook: Unable to open libdvm_houdini lib
06-19 11:26:52.786  1433  1433 D dalvikvm: Added shared lib libnativehelper.so 0x0
06-19 11:26:52.796  1433  1433 D dalvikvm: No JNI_OnLoad found in libnativehelper.so 0x0, skipping init
06-19 11:26:52.836  1433  1433 D dalvikvm: Note: class Landroid/app/ActivityManagerNative; has 179 unimplemented (abstract) methods
06-19 11:26:52.856  1324  1324 I DEBUG   : *** *** *** *** *** *** *** *** *** *** *** *** *** *** *** ***
06-19 11:26:52.856  1324  1324 I DEBUG   : Build fingerprint: 'unknown'
06-19 11:26:52.856  1324  1324 I DEBUG   : Revision: '0'
06-19 11:26:52.856  1324  1324 I DEBUG   : pid: 1432, tid: 1432, name: surfaceflinger  >>> /system/bin/surfaceflinger <<<
06-19 11:26:52.856  1324  1324 I DEBUG   : signal 4 (SIGILL), code 2 (ILL_ILLOPN), fault addr 4005f461
06-19 11:26:52.916  1324  1324 I DEBUG   :     eax 4006d2e4  ebx 400808d8  ecx 40e4fad0  edx 00000001
06-19 11:26:52.936  1324  1324 I DEBUG   :     esi 00000000  edi 4006bafe
06-19 11:26:52.936  1324  1324 I DEBUG   :     xcs 00000073  xds 0000007b  xes 0000007b  xfs 00000000  xss 0000007b
06-19 11:26:52.936  1324  1324 I DEBUG   :     eip 4005f461  ebp 40e4f9b0  esp bfedfe40  flags 00010246
06-19 11:26:52.936  1324  1324 E Corkscrew: unrecognized DW_CFA_* instruction: 0x10
06-19 11:26:52.936  1324  1324 I DEBUG   : 
06-19 11:26:52.936  1324  1324 I DEBUG   : backtrace:
06-19 11:26:52.936  1324  1324 I DEBUG   :     #00  pc 00036461  /system/lib/libsurfaceflinger.so (android::HWComposer::HWComposer(android::sp<android::SurfaceFlinger> const&, android::HWComposer::EventHandler&)+2001)
06-19 11:26:52.936  1324  1324 I DEBUG   :     #01  pc 0002b2b6  /system/lib/libsurfaceflinger.so (android::SurfaceFlinger::init()+182)
06-19 11:26:52.936  1324  1324 I DEBUG   :     #02  pc 00000931  /system/bin/surfaceflinger (main+209)
06-19 11:26:52.936  1324  1324 I DEBUG   : 
06-19 11:26:52.936  1324  1324 I DEBUG   : stack:
06-19 11:26:52.936  1324  1324 I DEBUG   :          bfedfe00  00000020  
06-19 11:26:52.936  1324  1324 I DEBUG   :          bfedfe04  4022db23  /system/lib/libEGL.so
06-19 11:26:52.936  1324  1324 I DEBUG   :          bfedfe08  40179629  /system/lib/libhardware.so (hw_get_module_by_class+9)
06-19 11:26:52.936  1324  1324 I DEBUG   :          bfedfe0c  400808d8  /system/lib/libsurfaceflinger.so
06-19 11:26:52.936  1324  1324 I DEBUG   :          bfedfe10  00000000  
06-19 11:26:52.936  1324  1324 I DEBUG   :          bfedfe14  4006bafe  /system/lib/libsurfaceflinger.so
06-19 11:26:52.936  1324  1324 I DEBUG   :          bfedfe18  40e4f9b0  [heap]
06-19 11:26:52.936  1324  1324 I DEBUG   :          bfedfe1c  1e327582  
06-19 11:26:52.936  1324  1324 I DEBUG   :          bfedfe20  4006bafe  /system/lib/libsurfaceflinger.so
06-19 11:26:52.936  1324  1324 I DEBUG   :          bfedfe24  00000000  
06-19 11:26:52.936  1324  1324 I DEBUG   :          bfedfe28  4008f2c9  /system/lib/libcutils.so (__android_log_print+9)
06-19 11:26:52.936  1324  1324 I DEBUG   :          bfedfe2c  400808d8  /system/lib/libsurfaceflinger.so
06-19 11:26:52.936  1324  1324 I DEBUG   :          bfedfe30  00000000  
06-19 11:26:52.936  1324  1324 I DEBUG   :          bfedfe34  4006bafe  /system/lib/libsurfaceflinger.so
06-19 11:26:52.936  1324  1324 I DEBUG   :          bfedfe38  40e4f9b0  [heap]
06-19 11:26:52.936  1324  1324 I DEBUG   :          bfedfe3c  4005ef56  /system/lib/libsurfaceflinger.so (android::HWComposer::HWComposer(android::sp<android::SurfaceFlinger> const&, android::HWComposer::EventHandler&)+710)
06-19 11:26:52.936  1324  1324 I DEBUG   :     #00  bfedfe40  00000006  
06-19 11:26:52.936  1324  1324 I DEBUG   :          bfedfe44  4006b4fa  /system/lib/libsurfaceflinger.so
06-19 11:26:52.936  1324  1324 I DEBUG   :          bfedfe48  4006bae6  /system/lib/libsurfaceflinger.so
06-19 11:26:52.936  1324  1324 I DEBUG   :          bfedfe4c  4006bafe  /system/lib/libsurfaceflinger.so
06-19 11:26:52.936  1324  1324 I DEBUG   :          bfedfe50  4022dfe6  /system/lib/libEGL.so
06-19 11:26:52.936  1324  1324 I DEBUG   :          bfedfe54  400ae1b6  /system/lib/libc.so (malloc+6)
06-19 11:26:52.936  1324  1324 I DEBUG   :          bfedfe58  40151fd0  /system/lib/libstdc++.so
06-19 11:26:52.936  1324  1324 I DEBUG   :          bfedfe5c  4014f9ac  /system/lib/libstdc++.so (operator new(unsigned int)+28)
06-19 11:26:52.936  1324  1324 I DEBUG   :          bfedfe60  0000000c  
06-19 11:26:52.936  1324  1324 I DEBUG   :          bfedfe64  00000000  
06-19 11:26:52.936  1324  1324 I DEBUG   :          bfedfe68  4022ce59  /system/lib/libEGL.so (android::Loader::init_api(void*, char const* const*, void (**)(), void (*(*)(char const*))())+9)
06-19 11:26:52.936  1324  1324 I DEBUG   :          bfedfe6c  400aef29  /system/lib/libc.so (pthread_mutex_unlock+25)
06-19 11:26:52.936  1324  1324 I DEBUG   :          bfedfe70  d794354e  
06-19 11:26:52.936  1324  1324 I DEBUG   :          bfedfe74  4164ef21  
06-19 11:26:52.936  1324  1324 I DEBUG   :          bfedfe78  40267040  /system/lib/libEGL.so
06-19 11:26:52.936  1324  1324 I DEBUG   :          bfedfe7c  40e4fac8  [heap]
06-19 11:26:52.936  1324  1324 I DEBUG   :          ........  ........
06-19 11:26:52.936  1324  1324 I DEBUG   :     #01  bfedff40  40e4f9b0  [heap]
06-19 11:26:52.936  1324  1324 I DEBUG   :          bfedff44  bfedffa8  [stack]
06-19 11:26:52.936  1324  1324 I DEBUG   :          bfedff48  40e4d834  [heap]
06-19 11:26:52.936  1324  1324 I DEBUG   :          bfedff4c  40190d18  /system/lib/libutils.so (android::String8::appendFormat(char const*, ...)+152)
06-19 11:26:52.936  1324  1324 I DEBUG   :          bfedff50  00000009  
06-19 11:26:52.936  1324  1324 I DEBUG   :          bfedff54  66666667  
06-19 11:26:52.936  1324  1324 I DEBUG   :          bfedff58  40097e48  /system/lib/libcutils.so
06-19 11:26:52.936  1324  1324 I DEBUG   :          bfedff5c  4008a2cf  /system/lib/libcutils.so (set_sched_policy+479)
06-19 11:26:52.936  1324  1324 I DEBUG   :          bfedff60  00000009  
06-19 11:26:52.936  1324  1324 I DEBUG   :          bfedff64  bfedffa7  [stack]
06-19 11:26:52.936  1324  1324 I DEBUG   :          bfedff68  00000004  
06-19 11:26:52.936  1324  1324 I DEBUG   :          bfedff6c  400808d8  /system/lib/libsurfaceflinger.so
06-19 11:26:52.936  1324  1324 I DEBUG   :          bfedff70  400808d8  /system/lib/libsurfaceflinger.so
06-19 11:26:52.936  1324  1324 I DEBUG   :          bfedff74  4006b4fa  /system/lib/libsurfaceflinger.so
06-19 11:26:52.936  1324  1324 I DEBUG   :          bfedff78  40e4d838  [heap]
06-19 11:26:52.936  1324  1324 I DEBUG   :          bfedff7c  4004ae59  /system/lib/libsurfaceflinger.so (android::SurfaceFlinger::onFirstRef()+105)
06-19 11:26:52.936  1324  1324 I DEBUG   :          ........  ........
06-19 11:26:52.936  1324  1324 I DEBUG   : 
06-19 11:26:52.936  1324  1324 I DEBUG   : memory map around fault addr 4005f461:
06-19 11:26:52.936  1324  1324 I DEBUG   :     40027000-40029000 r-- 
06-19 11:26:52.936  1324  1324 I DEBUG   :     40029000-4007a000 r-x /system/lib/libsurfaceflinger.so
06-19 11:26:52.936  1324  1324 I DEBUG   :     4007a000-40081000 r-- /system/lib/libsurfaceflinger.so
06-19 11:26:52.986  1321  1321 I ServiceManager: service 'media.audio_flinger' died
06-19 11:26:52.986  1321  1321 I ServiceManager: service 'media.player' died
06-19 11:26:52.986  1321  1321 I ServiceManager: service 'media.camera' died
06-19 11:26:58.026  1460  1460 I Netd    : Netd 1.0 starting
06-19 11:26:58.026  1460  1460 W InterfaceController: Warning (dlopen failed: library "/system/lib/libnetcmdiface.so" not found) while opening the net interface command library
06-19 11:26:58.046  1461  1461 I SurfaceFlinger: SurfaceFlinger is starting
06-19 11:26:58.076  1461  1461 I SurfaceFlinger: SurfaceFlinger's main thread ready to run. Initializing graphics H/W...
06-19 11:26:58.076  1461  1461 D libEGL  : 3D hardware acceleration is disabled
06-19 11:26:58.076  1461  1461 D libEGL  : Emulator without GPU support detected. Fallback to software renderer.
06-19 11:26:58.076  1461  1461 D libEGL  : loaded /system/lib/egl/libGLES_android.so
06-19 11:26:58.216  1462  1462 D AndroidRuntime: 
06-19 11:26:58.216  1462  1462 D AndroidRuntime: >>>>>> AndroidRuntime START com.android.internal.os.ZygoteInit <<<<<<
06-19 11:26:58.236  1461  1461 W gralloc : page flipping not supported (yres_virtual=600, requested=1200)
06-19 11:26:58.236  1461  1461 I gralloc : using (fd=14)
06-19 11:26:58.236  1461  1461 I gralloc : id           = VESA VGA
06-19 11:26:58.236  1461  1461 I gralloc : xres         = 800 px
06-19 11:26:58.236  1461  1461 I gralloc : yres         = 600 px
06-19 11:26:58.236  1461  1461 I gralloc : xres_virtual = 800 px
06-19 11:26:58.236  1461  1461 I gralloc : yres_virtual = 600 px
06-19 11:26:58.236  1461  1461 I gralloc : bpp          = 16
06-19 11:26:58.236  1461  1461 I gralloc : r            = 11:5
06-19 11:26:58.236  1461  1461 I gralloc : g            =  5:6
06-19 11:26:58.236  1461  1461 I gralloc : b            =  0:5
06-19 11:26:58.236  1461  1461 I gralloc : width        = 127 mm (160.000000 dpi)
06-19 11:26:58.236  1461  1461 I gralloc : height       = 95 mm (160.421051 dpi)
06-19 11:26:58.236  1461  1461 I gralloc : refresh rate = 91.11 Hz
06-19 11:26:58.236  1461  1461 E SurfaceFlinger: hwcomposer module not found
06-19 11:26:58.236  1461  1461 F libc    : Fatal signal 4 (SIGILL) at 0x4005f461 (code=2), thread 1461 (surfaceflinger)
06-19 11:26:58.236  1462  1462 D AndroidRuntime: CheckJNI is ON
06-19 11:26:58.246  1463  1463 I mediaserver: ServiceManager: 0x41ca3d40
06-19 11:26:58.246  1463  1463 I AudioFlinger: Using default 3000 mSec as standby time.
06-19 11:26:58.246  1463  1463 I CameraService: CameraService started (pid=1463)
06-19 11:26:58.246  1463  1463 D Camera_Factory: CameraFactory::CameraFactory
06-19 11:26:58.246  1463  1463 D Camera_Factory: CameraFactory::parseConfig: configFile = /etc/camera.cfg
06-19 11:26:58.246  1463  1463 D Camera_Factory: /etc/camera.cfg not found, using camera configuration defaults
06-19 11:26:58.246  1463  1463 D Camera_Factory: Found device /dev/video0
06-19 11:26:58.246  1463  1463 D Camera_Factory: CameraFactory::newCameraConfig: 0 -> /dev/video0 (0)
06-19 11:26:58.246  1463  1463 I CameraService: Loaded "Camera Module" camera module
06-19 11:26:58.246  1463  1463 D Camera_Factory: CameraFactory::get_number_of_cameras
06-19 11:26:58.246  1463  1463 D Camera_Factory: CameraFactory::getCameraNum: 1
06-19 11:26:58.246  1463  1463 I AudioPolicyManagerBase: loadAudioPolicyConfig() loaded /system/etc/audio_policy.conf
06-19 11:26:58.246  1462  1462 D dalvikvm: Trying to load lib libjavacore.so 0x0
06-19 11:26:58.246  1462  1462 E houdini_hook: Unable to open libdvm_houdini lib
06-19 11:26:58.246  1462  1462 E houdini_hook: Unable to open libdvm_houdini lib
06-19 11:26:58.246  1462  1462 E houdini_hook: Unable to open libdvm_houdini lib
06-19 11:26:58.246  1462  1462 E houdini_hook: Unable to open libdvm_houdini lib
06-19 11:26:58.246  1462  1462 E houdini_hook: Unable to open libdvm_houdini lib
06-19 11:26:58.246  1462  1462 E houdini_hook: Unable to open libdvm_houdini lib
06-19 11:26:58.246  1462  1462 D dalvikvm: Added shared lib libjavacore.so 0x0
06-19 11:26:58.246  1463  1463 E audio_hw_primary: Failed to open /system/etc/mixer_paths.xml
06-19 11:26:58.246  1463  1463 I AudioFlinger: loadHwModule() Loaded primary audio interface from Grouper audio HW HAL (audio) handle 1
06-19 11:26:58.246  1463  1463 I AudioFlinger: HAL output buffer size 512 frames, normal mix buffer size 1024 frames
06-19 11:26:58.246  1463  1463 I AudioMixer: found effect "Multichannel Downmix To Stereo" from The Android Open Source Project
06-19 11:26:58.246  1462  1462 D dalvikvm: Trying to load lib libnativehelper.so 0x0
06-19 11:26:58.246  1463  1463 E MonoPipe: Failed to fetch local time frequency when constructing a MonoPipe (res = -32).  getNextWriteTimestamp calls will be non-functional
06-19 11:26:58.256  1462  1462 E houdini_hook: Unable to open libdvm_houdini lib
06-19 11:26:58.256  1462  1462 E houdini_hook: Unable to open libdvm_houdini lib
06-19 11:26:58.256  1462  1462 E houdini_hook: Unable to open libdvm_houdini lib
06-19 11:26:58.256  1462  1462 E houdini_hook: Unable to open libdvm_houdini lib
06-19 11:26:58.256  1462  1462 E houdini_hook: Unable to open libdvm_houdini lib
06-19 11:26:58.256  1462  1462 E houdini_hook: Unable to open libdvm_houdini lib
06-19 11:26:58.256  1462  1462 D dalvikvm: Added shared lib libnativehelper.so 0x0
06-19 11:26:58.256  1462  1462 D dalvikvm: No JNI_OnLoad found in libnativehelper.so 0x0, skipping init
06-19 11:26:58.286  1462  1462 D dalvikvm: Note: class Landroid/app/ActivityManagerNative; has 179 unimplemented (abstract) methods
06-19 11:26:58.336  1324  1324 I DEBUG   : *** *** *** *** *** *** *** *** *** *** *** *** *** *** *** ***
06-19 11:26:58.336  1324  1324 I DEBUG   : Build fingerprint: 'unknown'
06-19 11:26:58.336  1324  1324 I DEBUG   : Revision: '0'
06-19 11:26:58.336  1324  1324 I DEBUG   : pid: 1461, tid: 1461, name: surfaceflinger  >>> /system/bin/surfaceflinger <<<
06-19 11:26:58.336  1324  1324 I DEBUG   : signal 4 (SIGILL), code 2 (ILL_ILLOPN), fault addr 4005f461
06-19 11:26:58.376  1324  1324 I DEBUG   :     eax 4006d2e4  ebx 400808d8  ecx 406a9b90  edx 00000001
06-19 11:26:58.406  1324  1324 I DEBUG   :     esi 00000000  edi 4006bafe
06-19 11:26:58.406  1324  1324 I DEBUG   :     xcs 00000073  xds 0000007b  xes 0000007b  xfs 00000000  xss 0000007b
06-19 11:26:58.406  1324  1324 I DEBUG   :     eip 4005f461  ebp 406a9a70  esp bf879310  flags 00010246
06-19 11:26:58.406  1324  1324 E Corkscrew: unrecognized DW_CFA_* instruction: 0x10
06-19 11:26:58.406  1324  1324 I DEBUG   : 
06-19 11:26:58.406  1324  1324 I DEBUG   : backtrace:
06-19 11:26:58.406  1324  1324 I DEBUG   :     #00  pc 00036461  /system/lib/libsurfaceflinger.so (android::HWComposer::HWComposer(android::sp<android::SurfaceFlinger> const&, android::HWComposer::EventHandler&)+2001)
06-19 11:26:58.406  1324  1324 I DEBUG   :     #01  pc 0002b2b6  /system/lib/libsurfaceflinger.so (android::SurfaceFlinger::init()+182)
06-19 11:26:58.406  1324  1324 I DEBUG   :     #02  pc 00000931  /system/bin/surfaceflinger (main+209)
06-19 11:26:58.406  1324  1324 I DEBUG   : 
06-19 11:26:58.406  1324  1324 I DEBUG   : stack:
06-19 11:26:58.406  1324  1324 I DEBUG   :          bf8792d0  00000020  
06-19 11:26:58.406  1324  1324 I DEBUG   :          bf8792d4  4022db23  /system/lib/libEGL.so
06-19 11:26:58.406  1324  1324 I DEBUG   :          bf8792d8  40179629  /system/lib/libhardware.so (hw_get_module_by_class+9)
06-19 11:26:58.406  1324  1324 I DEBUG   :          bf8792dc  400808d8  /system/lib/libsurfaceflinger.so
06-19 11:26:58.406  1324  1324 I DEBUG   :          bf8792e0  00000000  
06-19 11:26:58.406  1324  1324 I DEBUG   :          bf8792e4  4006bafe  /system/lib/libsurfaceflinger.so
06-19 11:26:58.406  1324  1324 I DEBUG   :          bf8792e8  406a9a70  [anon:libc_malloc]
06-19 11:26:58.406  1324  1324 I DEBUG   :          bf8792ec  efe06295  
06-19 11:26:58.406  1324  1324 I DEBUG   :          bf8792f0  4006bafe  /system/lib/libsurfaceflinger.so
06-19 11:26:58.406  1324  1324 I DEBUG   :          bf8792f4  00000000  
06-19 11:26:58.406  1324  1324 I DEBUG   :          bf8792f8  4008f2c9  /system/lib/libcutils.so (__android_log_print+9)
06-19 11:26:58.406  1324  1324 I DEBUG   :          bf8792fc  400808d8  /system/lib/libsurfaceflinger.so
06-19 11:26:58.406  1324  1324 I DEBUG   :          bf879300  00000000  
06-19 11:26:58.406  1324  1324 I DEBUG   :          bf879304  4006bafe  /system/lib/libsurfaceflinger.so
06-19 11:26:58.406  1324  1324 I DEBUG   :          bf879308  406a9a70  [anon:libc_malloc]
06-19 11:26:58.406  1324  1324 I DEBUG   :          bf87930c  4005ef56  /system/lib/libsurfaceflinger.so (android::HWComposer::HWComposer(android::sp<android::SurfaceFlinger> const&, android::HWComposer::EventHandler&)+710)
06-19 11:26:58.406  1324  1324 I DEBUG   :     #00  bf879310  00000006  
06-19 11:26:58.406  1324  1324 I DEBUG   :          bf879314  4006b4fa  /system/lib/libsurfaceflinger.so
06-19 11:26:58.406  1324  1324 I DEBUG   :          bf879318  4006bae6  /system/lib/libsurfaceflinger.so
06-19 11:26:58.406  1324  1324 I DEBUG   :          bf87931c  4006bafe  /system/lib/libsurfaceflinger.so
06-19 11:26:58.406  1324  1324 I DEBUG   :          bf879320  4022dfe6  /system/lib/libEGL.so
06-19 11:26:58.406  1324  1324 I DEBUG   :          bf879324  400ae1b6  /system/lib/libc.so (malloc+6)
06-19 11:26:58.406  1324  1324 I DEBUG   :          bf879328  40151fd0  /system/lib/libstdc++.so
06-19 11:26:58.406  1324  1324 I DEBUG   :          bf87932c  4014f9ac  /system/lib/libstdc++.so (operator new(unsigned int)+28)
06-19 11:26:58.406  1324  1324 I DEBUG   :          bf879330  0000000c  
06-19 11:26:58.406  1324  1324 I DEBUG   :          bf879334  00000000  
06-19 11:26:58.406  1324  1324 I DEBUG   :          bf879338  4022ce59  /system/lib/libEGL.so (android::Loader::init_api(void*, char const* const*, void (**)(), void (*(*)(char const*))())+9)
06-19 11:26:58.406  1324  1324 I DEBUG   :          bf87933c  400aef29  /system/lib/libc.so (pthread_mutex_unlock+25)
06-19 11:26:58.406  1324  1324 I DEBUG   :          bf879340  d794354e  
06-19 11:26:58.406  1324  1324 I DEBUG   :          bf879344  4164ef21  
06-19 11:26:58.406  1324  1324 I DEBUG   :          bf879348  40267040  /system/lib/libEGL.so
06-19 11:26:58.406  1324  1324 I DEBUG   :          bf87934c  406a9b88  [anon:libc_malloc]
06-19 11:26:58.406  1324  1324 I DEBUG   :          ........  ........
06-19 11:26:58.406  1324  1324 I DEBUG   :     #01  bf879410  406a9a70  [anon:libc_malloc]
06-19 11:26:58.406  1324  1324 I DEBUG   :          bf879414  bf879478  [stack]
06-19 11:26:58.406  1324  1324 I DEBUG   :          bf879418  406a8024  [anon:libc_malloc]
06-19 11:26:58.406  1324  1324 I DEBUG   :          bf87941c  40190d18  /system/lib/libutils.so (android::String8::appendFormat(char const*, ...)+152)
06-19 11:26:58.406  1324  1324 I DEBUG   :          bf879420  00000009  
06-19 11:26:58.406  1324  1324 I DEBUG   :          bf879424  66666667  
06-19 11:26:58.406  1324  1324 I DEBUG   :          bf879428  40097e48  /system/lib/libcutils.so
06-19 11:26:58.406  1324  1324 I DEBUG   :          bf87942c  4008a2cf  /system/lib/libcutils.so (set_sched_policy+479)
06-19 11:26:58.406  1324  1324 I DEBUG   :          bf879430  00000009  
06-19 11:26:58.406  1324  1324 I DEBUG   :          bf879434  bf879477  [stack]
06-19 11:26:58.406  1324  1324 I DEBUG   :          bf879438  00000004  
06-19 11:26:58.406  1324  1324 I DEBUG   :          bf87943c  400808d8  /system/lib/libsurfaceflinger.so
06-19 11:26:58.406  1324  1324 I DEBUG   :          bf879440  400808d8  /system/lib/libsurfaceflinger.so
06-19 11:26:58.406  1324  1324 I DEBUG   :          bf879444  4006b4fa  /system/lib/libsurfaceflinger.so
06-19 11:26:58.406  1324  1324 I DEBUG   :          bf879448  406a8028  [anon:libc_malloc]
06-19 11:26:58.406  1324  1324 I DEBUG   :          bf87944c  4004ae59  /system/lib/libsurfaceflinger.so (android::SurfaceFlinger::onFirstRef()+105)
06-19 11:26:58.406  1324  1324 I DEBUG   :          ........  ........
06-19 11:26:58.406  1324  1324 I DEBUG   : 
06-19 11:26:58.406  1324  1324 I DEBUG   : memory map around fault addr 4005f461:
06-19 11:26:58.406  1324  1324 I DEBUG   :     40028000-40029000 rw- [anon:libc_malloc]
06-19 11:26:58.406  1324  1324 I DEBUG   :     40029000-4007a000 r-x /system/lib/libsurfaceflinger.so
06-19 11:26:58.406  1324  1324 I DEBUG   :     4007a000-40081000 r-- /system/lib/libsurfaceflinger.so
06-19 11:26:58.466  1321  1321 I ServiceManager: service 'media.audio_flinger' died
06-19 11:26:58.466  1321  1321 I ServiceManager: service 'media.player' died
06-19 11:26:58.466  1321  1321 I ServiceManager: service 'media.camera' died
06-19 11:27:02.506  1492  1492 I Netd    : Netd 1.0 starting
06-19 11:27:02.506  1492  1492 W InterfaceController: Warning (dlopen failed: library "/system/lib/libnetcmdiface.so" not found) while opening the net interface command library
06-19 11:27:02.516  1493  1493 I SurfaceFlinger: SurfaceFlinger is starting
06-19 11:27:02.556  1493  1493 I SurfaceFlinger: SurfaceFlinger's main thread ready to run. Initializing graphics H/W...
06-19 11:27:02.556  1493  1493 D libEGL  : 3D hardware acceleration is disabled
06-19 11:27:02.556  1493  1493 D libEGL  : Emulator without GPU support detected. Fallback to software renderer.
06-19 11:27:02.556  1493  1493 D libEGL  : loaded /system/lib/egl/libGLES_android.so
06-19 11:27:02.696  1493  1493 W gralloc : page flipping not supported (yres_virtual=600, requested=1200)
06-19 11:27:02.696  1493  1493 I gralloc : using (fd=14)
06-19 11:27:02.696  1493  1493 I gralloc : id           = VESA VGA
06-19 11:27:02.696  1493  1493 I gralloc : xres         = 800 px
06-19 11:27:02.696  1493  1493 I gralloc : yres         = 600 px
06-19 11:27:02.696  1493  1493 I gralloc : xres_virtual = 800 px
06-19 11:27:02.696  1493  1493 I gralloc : yres_virtual = 600 px
06-19 11:27:02.696  1493  1493 I gralloc : bpp          = 16
06-19 11:27:02.696  1493  1493 I gralloc : r            = 11:5
06-19 11:27:02.696  1493  1493 I gralloc : g            =  5:6
06-19 11:27:02.696  1493  1493 I gralloc : b            =  0:5
06-19 11:27:02.696  1493  1493 I gralloc : width        = 127 mm (160.000000 dpi)
06-19 11:27:02.696  1493  1493 I gralloc : height       = 95 mm (160.421051 dpi)
06-19 11:27:02.696  1493  1493 I gralloc : refresh rate = 91.11 Hz
06-19 11:27:02.696  1493  1493 E SurfaceFlinger: hwcomposer module not found
06-19 11:27:02.696  1493  1493 F libc    : Fatal signal 4 (SIGILL) at 0x4005f461 (code=2), thread 1493 (surfaceflinger)
06-19 11:27:02.696  1494  1494 D AndroidRuntime: 
06-19 11:27:02.696  1494  1494 D AndroidRuntime: >>>>>> AndroidRuntime START com.android.internal.os.ZygoteInit <<<<<<
06-19 11:27:02.706  1494  1494 D AndroidRuntime: CheckJNI is ON
06-19 11:27:02.726  1495  1495 I mediaserver: ServiceManager: 0x411d0db0
06-19 11:27:02.726  1495  1495 I AudioFlinger: Using default 3000 mSec as standby time.
06-19 11:27:02.726  1494  1494 D dalvikvm: Trying to load lib libjavacore.so 0x0
06-19 11:27:02.726  1495  1495 I CameraService: CameraService started (pid=1495)
06-19 11:27:02.726  1495  1495 D Camera_Factory: CameraFactory::CameraFactory
06-19 11:27:02.726  1494  1494 E houdini_hook: Unable to open libdvm_houdini lib
06-19 11:27:02.726  1494  1494 E houdini_hook: Unable to open libdvm_houdini lib
06-19 11:27:02.726  1494  1494 E houdini_hook: Unable to open libdvm_houdini lib
06-19 11:27:02.726  1494  1494 E houdini_hook: Unable to open libdvm_houdini lib
06-19 11:27:02.726  1494  1494 E houdini_hook: Unable to open libdvm_houdini lib
06-19 11:27:02.726  1494  1494 E houdini_hook: Unable to open libdvm_houdini lib
06-19 11:27:02.726  1494  1494 D dalvikvm: Added shared lib libjavacore.so 0x0
06-19 11:27:02.726  1495  1495 D Camera_Factory: CameraFactory::parseConfig: configFile = /etc/camera.cfg
06-19 11:27:02.726  1495  1495 D Camera_Factory: /etc/camera.cfg not found, using camera configuration defaults
06-19 11:27:02.726  1495  1495 D Camera_Factory: Found device /dev/video0
06-19 11:27:02.726  1495  1495 D Camera_Factory: CameraFactory::newCameraConfig: 0 -> /dev/video0 (0)
06-19 11:27:02.726  1495  1495 I CameraService: Loaded "Camera Module" camera module
06-19 11:27:02.726  1495  1495 D Camera_Factory: CameraFactory::get_number_of_cameras
06-19 11:27:02.726  1495  1495 D Camera_Factory: CameraFactory::getCameraNum: 1
06-19 11:27:02.726  1495  1495 I AudioPolicyManagerBase: loadAudioPolicyConfig() loaded /system/etc/audio_policy.conf
06-19 11:27:02.726  1495  1495 E audio_hw_primary: Failed to open /system/etc/mixer_paths.xml
06-19 11:27:02.736  1495  1495 I AudioFlinger: loadHwModule() Loaded primary audio interface from Grouper audio HW HAL (audio) handle 1
06-19 11:27:02.736  1495  1495 I AudioFlinger: HAL output buffer size 512 frames, normal mix buffer size 1024 frames
06-19 11:27:02.736  1495  1495 I AudioMixer: found effect "Multichannel Downmix To Stereo" from The Android Open Source Project
06-19 11:27:02.736  1495  1495 E MonoPipe: Failed to fetch local time frequency when constructing a MonoPipe (res = -32).  getNextWriteTimestamp calls will be non-functional
06-19 11:27:02.736  1494  1494 D dalvikvm: Trying to load lib libnativehelper.so 0x0
06-19 11:27:02.736  1494  1494 E houdini_hook: Unable to open libdvm_houdini lib
06-19 11:27:02.736  1494  1494 E houdini_hook: Unable to open libdvm_houdini lib
06-19 11:27:02.736  1494  1494 E houdini_hook: Unable to open libdvm_houdini lib
06-19 11:27:02.736  1494  1494 E houdini_hook: Unable to open libdvm_houdini lib
06-19 11:27:02.736  1494  1494 E houdini_hook: Unable to open libdvm_houdini lib
06-19 11:27:02.736  1494  1494 E houdini_hook: Unable to open libdvm_houdini lib
06-19 11:27:02.736  1494  1494 D dalvikvm: Added shared lib libnativehelper.so 0x0
06-19 11:27:02.736  1494  1494 D dalvikvm: No JNI_OnLoad found in libnativehelper.so 0x0, skipping init
06-19 11:27:02.766  1494  1494 D dalvikvm: Note: class Landroid/app/ActivityManagerNative; has 179 unimplemented (abstract) methods
06-19 11:27:02.796  1324  1324 I DEBUG   : *** *** *** *** *** *** *** *** *** *** *** *** *** *** *** ***
06-19 11:27:02.796  1324  1324 I DEBUG   : Build fingerprint: 'unknown'
06-19 11:27:02.796  1324  1324 I DEBUG   : Revision: '0'
06-19 11:27:02.796  1324  1324 I DEBUG   : pid: 1493, tid: 1493, name: surfaceflinger  >>> /system/bin/surfaceflinger <<<
06-19 11:27:02.796  1324  1324 I DEBUG   : signal 4 (SIGILL), code 2 (ILL_ILLOPN), fault addr 4005f461
06-19 11:27:02.846  1324  1324 I DEBUG   :     eax 4006d2e4  ebx 400808d8  ecx 41a71ad0  edx 00000001
06-19 11:27:02.846  1324  1324 I DEBUG   :     esi 00000000  edi 4006bafe
06-19 11:27:02.846  1324  1324 I DEBUG   :     xcs 00000073  xds 0000007b  xes 0000007b  xfs 00000000  xss 0000007b
06-19 11:27:02.846  1324  1324 I DEBUG   :     eip 4005f461  ebp 41a719b0  esp bf996370  flags 00010246
06-19 11:27:02.846  1324  1324 E Corkscrew: unrecognized DW_CFA_* instruction: 0x10
06-19 11:27:02.846  1324  1324 I DEBUG   : 
06-19 11:27:02.846  1324  1324 I DEBUG   : backtrace:
06-19 11:27:02.846  1324  1324 I DEBUG   :     #00  pc 00036461  /system/lib/libsurfaceflinger.so (android::HWComposer::HWComposer(android::sp<android::SurfaceFlinger> const&, android::HWComposer::EventHandler&)+2001)
06-19 11:27:02.846  1324  1324 I DEBUG   :     #01  pc 0002b2b6  /system/lib/libsurfaceflinger.so (android::SurfaceFlinger::init()+182)
06-19 11:27:02.846  1324  1324 I DEBUG   :     #02  pc 00000931  /system/bin/surfaceflinger (main+209)
06-19 11:27:02.846  1324  1324 I DEBUG   : 
06-19 11:27:02.846  1324  1324 I DEBUG   : stack:
06-19 11:27:02.846  1324  1324 I DEBUG   :          bf996330  00000020  
06-19 11:27:02.846  1324  1324 I DEBUG   :          bf996334  4022db23  /system/lib/libEGL.so
06-19 11:27:02.846  1324  1324 I DEBUG   :          bf996338  40179629  /system/lib/libhardware.so (hw_get_module_by_class+9)
06-19 11:27:02.846  1324  1324 I DEBUG   :          bf99633c  400808d8  /system/lib/libsurfaceflinger.so
06-19 11:27:02.846  1324  1324 I DEBUG   :          bf996340  00000000  
06-19 11:27:02.846  1324  1324 I DEBUG   :          bf996344  4006bafe  /system/lib/libsurfaceflinger.so
06-19 11:27:02.846  1324  1324 I DEBUG   :          bf996348  41a719b0  [heap]
06-19 11:27:02.846  1324  1324 I DEBUG   :          bf99634c  7abad0fe  
06-19 11:27:02.846  1324  1324 I DEBUG   :          bf996350  4006bafe  /system/lib/libsurfaceflinger.so
06-19 11:27:02.846  1324  1324 I DEBUG   :          bf996354  00000000  
06-19 11:27:02.846  1324  1324 I DEBUG   :          bf996358  4008f2c9  /system/lib/libcutils.so (__android_log_print+9)
06-19 11:27:02.846  1324  1324 I DEBUG   :          bf99635c  400808d8  /system/lib/libsurfaceflinger.so
06-19 11:27:02.846  1324  1324 I DEBUG   :          bf996360  00000000  
06-19 11:27:02.846  1324  1324 I DEBUG   :          bf996364  4006bafe  /system/lib/libsurfaceflinger.so
06-19 11:27:02.846  1324  1324 I DEBUG   :          bf996368  41a719b0  [heap]
06-19 11:27:02.846  1324  1324 I DEBUG   :          bf99636c  4005ef56  /system/lib/libsurfaceflinger.so (android::HWComposer::HWComposer(android::sp<android::SurfaceFlinger> const&, android::HWComposer::EventHandler&)+710)
06-19 11:27:02.846  1324  1324 I DEBUG   :     #00  bf996370  00000006  
06-19 11:27:02.846  1324  1324 I DEBUG   :          bf996374  4006b4fa  /system/lib/libsurfaceflinger.so
06-19 11:27:02.856  1324  1324 I DEBUG   :          bf996378  4006bae6  /system/lib/libsurfaceflinger.so
06-19 11:27:02.856  1324  1324 I DEBUG   :          bf99637c  4006bafe  /system/lib/libsurfaceflinger.so
06-19 11:27:02.856  1324  1324 I DEBUG   :          bf996380  4022dfe6  /system/lib/libEGL.so
06-19 11:27:02.856  1324  1324 I DEBUG   :          bf996384  400ae1b6  /system/lib/libc.so (malloc+6)
06-19 11:27:02.856  1324  1324 I DEBUG   :          bf996388  40151fd0  /system/lib/libstdc++.so
06-19 11:27:02.856  1324  1324 I DEBUG   :          bf99638c  4014f9ac  /system/lib/libstdc++.so (operator new(unsigned int)+28)
06-19 11:27:02.856  1324  1324 I DEBUG   :          bf996390  0000000c  
06-19 11:27:02.856  1324  1324 I DEBUG   :          bf996394  00000000  
06-19 11:27:02.856  1324  1324 I DEBUG   :          bf996398  4022ce59  /system/lib/libEGL.so (android::Loader::init_api(void*, char const* const*, void (**)(), void (*(*)(char const*))())+9)
06-19 11:27:02.856  1324  1324 I DEBUG   :          bf99639c  400aef29  /system/lib/libc.so (pthread_mutex_unlock+25)
06-19 11:27:02.856  1324  1324 I DEBUG   :          bf9963a0  d794354e  
06-19 11:27:02.856  1324  1324 I DEBUG   :          bf9963a4  4164ef21  
06-19 11:27:02.856  1324  1324 I DEBUG   :          bf9963a8  40267040  /system/lib/libEGL.so
06-19 11:27:02.856  1324  1324 I DEBUG   :          bf9963ac  41a71ac8  [heap]
06-19 11:27:02.856  1324  1324 I DEBUG   :          ........  ........
06-19 11:27:02.856  1324  1324 I DEBUG   :     #01  bf996470  41a719b0  [heap]
06-19 11:27:02.856  1324  1324 I DEBUG   :          bf996474  bf9964d8  [stack]
06-19 11:27:02.856  1324  1324 I DEBUG   :          bf996478  41a6f834  [heap]
06-19 11:27:02.856  1324  1324 I DEBUG   :          bf99647c  40190d18  /system/lib/libutils.so (android::String8::appendFormat(char const*, ...)+152)
06-19 11:27:02.856  1324  1324 I DEBUG   :          bf996480  00000009  
06-19 11:27:02.856  1324  1324 I DEBUG   :          bf996484  66666667  
06-19 11:27:02.856  1324  1324 I DEBUG   :          bf996488  40097e48  /system/lib/libcutils.so
06-19 11:27:02.856  1324  1324 I DEBUG   :          bf99648c  4008a2cf  /system/lib/libcutils.so (set_sched_policy+479)
06-19 11:27:02.856  1324  1324 I DEBUG   :          bf996490  00000009  
06-19 11:27:02.856  1324  1324 I DEBUG   :          bf996494  bf9964d7  [stack]
06-19 11:27:02.856  1324  1324 I DEBUG   :          bf996498  00000004  
06-19 11:27:02.856  1324  1324 I DEBUG   :          bf99649c  400808d8  /system/lib/libsurfaceflinger.so
06-19 11:27:02.856  1324  1324 I DEBUG   :          bf9964a0  400808d8  /system/lib/libsurfaceflinger.so
06-19 11:27:02.856  1324  1324 I DEBUG   :          bf9964a4  4006b4fa  /system/lib/libsurfaceflinger.so
06-19 11:27:02.856  1324  1324 I DEBUG   :          bf9964a8  41a6f838  [heap]
06-19 11:27:02.856  1324  1324 I DEBUG   :          bf9964ac  4004ae59  /system/lib/libsurfaceflinger.so (android::SurfaceFlinger::onFirstRef()+105)
06-19 11:27:02.856  1324  1324 I DEBUG   :          ........  ........
06-19 11:27:02.856  1324  1324 I DEBUG   : 
06-19 11:27:02.856  1324  1324 I DEBUG   : memory map around fault addr 4005f461:
06-19 11:27:02.856  1324  1324 I DEBUG   :     40027000-40029000 r-- 
06-19 11:27:02.856  1324  1324 I DEBUG   :     40029000-4007a000 r-x /system/lib/libsurfaceflinger.so
06-19 11:27:02.856  1324  1324 I DEBUG   :     4007a000-40081000 r-- /system/lib/libsurfaceflinger.so
06-19 11:27:02.916  1321  1321 I ServiceManager: service 'media.audio_flinger' died
06-19 11:27:02.916  1321  1321 I ServiceManager: service 'media.player' died
06-19 11:27:02.916  1321  1321 I ServiceManager: service 'media.camera' died
06-19 11:27:07.956  1524  1524 I Netd    : Netd 1.0 starting
06-19 11:27:07.956  1524  1524 W InterfaceController: Warning (dlopen failed: library "/system/lib/libnetcmdiface.so" not found) while opening the net interface command library
06-19 11:27:07.976  1525  1525 I SurfaceFlinger: SurfaceFlinger is starting
06-19 11:27:08.006  1525  1525 I SurfaceFlinger: SurfaceFlinger's main thread ready to run. Initializing graphics H/W...
06-19 11:27:08.006  1525  1525 D libEGL  : 3D hardware acceleration is disabled
06-19 11:27:08.006  1525  1525 D libEGL  : Emulator without GPU support detected. Fallback to software renderer.
06-19 11:27:08.006  1525  1525 D libEGL  : loaded /system/lib/egl/libGLES_android.so
06-19 11:27:08.136  1525  1525 W gralloc : page flipping not supported (yres_virtual=600, requested=1200)
06-19 11:27:08.136  1525  1525 I gralloc : using (fd=14)
06-19 11:27:08.136  1525  1525 I gralloc : id           = VESA VGA
06-19 11:27:08.136  1525  1525 I gralloc : xres         = 800 px
06-19 11:27:08.136  1525  1525 I gralloc : yres         = 600 px
06-19 11:27:08.136  1525  1525 I gralloc : xres_virtual = 800 px
06-19 11:27:08.136  1525  1525 I gralloc : yres_virtual = 600 px
06-19 11:27:08.136  1525  1525 I gralloc : bpp          = 16
06-19 11:27:08.136  1525  1525 I gralloc : r            = 11:5
06-19 11:27:08.136  1525  1525 I gralloc : g            =  5:6
06-19 11:27:08.136  1525  1525 I gralloc : b            =  0:5
06-19 11:27:08.136  1525  1525 I gralloc : width        = 127 mm (160.000000 dpi)
06-19 11:27:08.136  1525  1525 I gralloc : height       = 95 mm (160.421051 dpi)
06-19 11:27:08.136  1525  1525 I gralloc : refresh rate = 91.11 Hz
06-19 11:27:08.136  1525  1525 E SurfaceFlinger: hwcomposer module not found
06-19 11:27:08.136  1525  1525 F libc    : Fatal signal 4 (SIGILL) at 0x4005f461 (code=2), thread 1525 (surfaceflinger)
06-19 11:27:08.156  1526  1526 D AndroidRuntime: 
06-19 11:27:08.156  1526  1526 D AndroidRuntime: >>>>>> AndroidRuntime START com.android.internal.os.ZygoteInit <<<<<<
06-19 11:27:08.156  1526  1526 D AndroidRuntime: CheckJNI is ON
06-19 11:27:08.176  1527  1527 I mediaserver: ServiceManager: 0x41317d40
06-19 11:27:08.176  1526  1526 D dalvikvm: Trying to load lib libjavacore.so 0x0
06-19 11:27:08.176  1527  1527 I AudioFlinger: Using default 3000 mSec as standby time.
06-19 11:27:08.176  1527  1527 I CameraService: CameraService started (pid=1527)
06-19 11:27:08.176  1527  1527 D Camera_Factory: CameraFactory::CameraFactory
06-19 11:27:08.176  1526  1526 E houdini_hook: Unable to open libdvm_houdini lib
06-19 11:27:08.176  1526  1526 E houdini_hook: Unable to open libdvm_houdini lib
06-19 11:27:08.176  1526  1526 E houdini_hook: Unable to open libdvm_houdini lib
06-19 11:27:08.176  1526  1526 E houdini_hook: Unable to open libdvm_houdini lib
06-19 11:27:08.176  1526  1526 E houdini_hook: Unable to open libdvm_houdini lib
06-19 11:27:08.176  1526  1526 E houdini_hook: Unable to open libdvm_houdini lib
06-19 11:27:08.176  1527  1527 D Camera_Factory: CameraFactory::parseConfig: configFile = /etc/camera.cfg
06-19 11:27:08.176  1527  1527 D Camera_Factory: /etc/camera.cfg not found, using camera configuration defaults
06-19 11:27:08.176  1527  1527 D Camera_Factory: Found device /dev/video0
06-19 11:27:08.176  1527  1527 D Camera_Factory: CameraFactory::newCameraConfig: 0 -> /dev/video0 (0)
06-19 11:27:08.176  1526  1526 D dalvikvm: Added shared lib libjavacore.so 0x0
06-19 11:27:08.176  1527  1527 I CameraService: Loaded "Camera Module" camera module
06-19 11:27:08.176  1527  1527 D Camera_Factory: CameraFactory::get_number_of_cameras
06-19 11:27:08.176  1527  1527 D Camera_Factory: CameraFactory::getCameraNum: 1
06-19 11:27:08.176  1527  1527 I AudioPolicyManagerBase: loadAudioPolicyConfig() loaded /system/etc/audio_policy.conf
06-19 11:27:08.176  1527  1527 E audio_hw_primary: Failed to open /system/etc/mixer_paths.xml
06-19 11:27:08.176  1527  1527 I AudioFlinger: loadHwModule() Loaded primary audio interface from Grouper audio HW HAL (audio) handle 1
06-19 11:27:08.176  1527  1527 I AudioFlinger: HAL output buffer size 512 frames, normal mix buffer size 1024 frames
06-19 11:27:08.186  1526  1526 D dalvikvm: Trying to load lib libnativehelper.so 0x0
06-19 11:27:08.186  1527  1527 I AudioMixer: found effect "Multichannel Downmix To Stereo" from The Android Open Source Project
06-19 11:27:08.186  1527  1527 E MonoPipe: Failed to fetch local time frequency when constructing a MonoPipe (res = -32).  getNextWriteTimestamp calls will be non-functional
06-19 11:27:08.186  1526  1526 E houdini_hook: Unable to open libdvm_houdini lib
06-19 11:27:08.186  1526  1526 E houdini_hook: Unable to open libdvm_houdini lib
06-19 11:27:08.186  1526  1526 E houdini_hook: Unable to open libdvm_houdini lib
06-19 11:27:08.186  1526  1526 E houdini_hook: Unable to open libdvm_houdini lib
06-19 11:27:08.186  1526  1526 E houdini_hook: Unable to open libdvm_houdini lib
06-19 11:27:08.186  1526  1526 E houdini_hook: Unable to open libdvm_houdini lib
06-19 11:27:08.186  1526  1526 D dalvikvm: Added shared lib libnativehelper.so 0x0
06-19 11:27:08.186  1526  1526 D dalvikvm: No JNI_OnLoad found in libnativehelper.so 0x0, skipping init
06-19 11:27:08.206  1526  1526 D dalvikvm: Note: class Landroid/app/ActivityManagerNative; has 179 unimplemented (abstract) methods
06-19 11:27:08.236  1324  1324 I DEBUG   : *** *** *** *** *** *** *** *** *** *** *** *** *** *** *** ***
06-19 11:27:08.236  1324  1324 I DEBUG   : Build fingerprint: 'unknown'
06-19 11:27:08.236  1324  1324 I DEBUG   : Revision: '0'
06-19 11:27:08.236  1324  1324 I DEBUG   : pid: 1525, tid: 1525, name: surfaceflinger  >>> /system/bin/surfaceflinger <<<
06-19 11:27:08.236  1324  1324 I DEBUG   : signal 4 (SIGILL), code 2 (ILL_ILLOPN), fault addr 4005f461
06-19 11:27:08.276  1324  1324 I DEBUG   :     eax 4006d2e4  ebx 400808d8  ecx 41616ad0  edx 00000001
06-19 11:27:08.286  1324  1324 I DEBUG   :     esi 00000000  edi 4006bafe
06-19 11:27:08.286  1324  1324 I DEBUG   :     xcs 00000073  xds 0000007b  xes 0000007b  xfs 00000000  xss 0000007b
06-19 11:27:08.286  1324  1324 I DEBUG   :     eip 4005f461  ebp 416169b0  esp bf8040e0  flags 00010246
06-19 11:27:08.286  1324  1324 E Corkscrew: unrecognized DW_CFA_* instruction: 0x10
06-19 11:27:08.286  1324  1324 I DEBUG   : 
06-19 11:27:08.286  1324  1324 I DEBUG   : backtrace:
06-19 11:27:08.286  1324  1324 I DEBUG   :     #00  pc 00036461  /system/lib/libsurfaceflinger.so (android::HWComposer::HWComposer(android::sp<android::SurfaceFlinger> const&, android::HWComposer::EventHandler&)+2001)
06-19 11:27:08.286  1324  1324 I DEBUG   :     #01  pc 0002b2b6  /system/lib/libsurfaceflinger.so (android::SurfaceFlinger::init()+182)
06-19 11:27:08.286  1324  1324 I DEBUG   :     #02  pc 00000931  /system/bin/surfaceflinger (main+209)
06-19 11:27:08.286  1324  1324 I DEBUG   : 
06-19 11:27:08.286  1324  1324 I DEBUG   : stack:
06-19 11:27:08.286  1324  1324 I DEBUG   :          bf8040a0  00000020  
06-19 11:27:08.286  1324  1324 I DEBUG   :          bf8040a4  4022db23  /system/lib/libEGL.so
06-19 11:27:08.286  1324  1324 I DEBUG   :          bf8040a8  40179629  /system/lib/libhardware.so (hw_get_module_by_class+9)
06-19 11:27:08.286  1324  1324 I DEBUG   :          bf8040ac  400808d8  /system/lib/libsurfaceflinger.so
06-19 11:27:08.286  1324  1324 I DEBUG   :          bf8040b0  00000000  
06-19 11:27:08.286  1324  1324 I DEBUG   :          bf8040b4  4006bafe  /system/lib/libsurfaceflinger.so
06-19 11:27:08.286  1324  1324 I DEBUG   :          bf8040b8  416169b0  [heap]
06-19 11:27:08.286  1324  1324 I DEBUG   :          bf8040bc  0a7c0ddf  
06-19 11:27:08.286  1324  1324 I DEBUG   :          bf8040c0  4006bafe  /system/lib/libsurfaceflinger.so
06-19 11:27:08.286  1324  1324 I DEBUG   :          bf8040c4  00000000  
06-19 11:27:08.286  1324  1324 I DEBUG   :          bf8040c8  4008f2c9  /system/lib/libcutils.so (__android_log_print+9)
06-19 11:27:08.286  1324  1324 I DEBUG   :          bf8040cc  400808d8  /system/lib/libsurfaceflinger.so
06-19 11:27:08.286  1324  1324 I DEBUG   :          bf8040d0  00000000  
06-19 11:27:08.286  1324  1324 I DEBUG   :          bf8040d4  4006bafe  /system/lib/libsurfaceflinger.so
06-19 11:27:08.286  1324  1324 I DEBUG   :          bf8040d8  416169b0  [heap]
06-19 11:27:08.286  1324  1324 I DEBUG   :          bf8040dc  4005ef56  /system/lib/libsurfaceflinger.so (android::HWComposer::HWComposer(android::sp<android::SurfaceFlinger> const&, android::HWComposer::EventHandler&)+710)
06-19 11:27:08.286  1324  1324 I DEBUG   :     #00  bf8040e0  00000006  
06-19 11:27:08.286  1324  1324 I DEBUG   :          bf8040e4  4006b4fa  /system/lib/libsurfaceflinger.so
06-19 11:27:08.286  1324  1324 I DEBUG   :          bf8040e8  4006bae6  /system/lib/libsurfaceflinger.so
06-19 11:27:08.286  1324  1324 I DEBUG   :          bf8040ec  4006bafe  /system/lib/libsurfaceflinger.so
06-19 11:27:08.286  1324  1324 I DEBUG   :          bf8040f0  4022dfe6  /system/lib/libEGL.so
06-19 11:27:08.286  1324  1324 I DEBUG   :          bf8040f4  400ae1b6  /system/lib/libc.so (malloc+6)
06-19 11:27:08.286  1324  1324 I DEBUG   :          bf8040f8  40151fd0  /system/lib/libstdc++.so
06-19 11:27:08.286  1324  1324 I DEBUG   :          bf8040fc  4014f9ac  /system/lib/libstdc++.so (operator new(unsigned int)+28)
06-19 11:27:08.286  1324  1324 I DEBUG   :          bf804100  0000000c  
06-19 11:27:08.286  1324  1324 I DEBUG   :          bf804104  00000000  
06-19 11:27:08.286  1324  1324 I DEBUG   :          bf804108  4022ce59  /system/lib/libEGL.so (android::Loader::init_api(void*, char const* const*, void (**)(), void (*(*)(char const*))())+9)
06-19 11:27:08.286  1324  1324 I DEBUG   :          bf80410c  400aef29  /system/lib/libc.so (pthread_mutex_unlock+25)
06-19 11:27:08.296  1324  1324 I DEBUG   :          bf804110  d794354e  
06-19 11:27:08.296  1324  1324 I DEBUG   :          bf804114  4164ef21  
06-19 11:27:08.296  1324  1324 I DEBUG   :          bf804118  40267040  /system/lib/libEGL.so
06-19 11:27:08.296  1324  1324 I DEBUG   :          bf80411c  41616ac8  [heap]
06-19 11:27:08.296  1324  1324 I DEBUG   :          ........  ........
06-19 11:27:08.296  1324  1324 I DEBUG   :     #01  bf8041e0  416169b0  [heap]
06-19 11:27:08.296  1324  1324 I DEBUG   :          bf8041e4  bf804248  [stack]
06-19 11:27:08.296  1324  1324 I DEBUG   :          bf8041e8  41614834  [heap]
06-19 11:27:08.296  1324  1324 I DEBUG   :          bf8041ec  40190d18  /system/lib/libutils.so (android::String8::appendFormat(char const*, ...)+152)
06-19 11:27:08.296  1324  1324 I DEBUG   :          bf8041f0  00000009  
06-19 11:27:08.296  1324  1324 I DEBUG   :          bf8041f4  66666667  
06-19 11:27:08.296  1324  1324 I DEBUG   :          bf8041f8  40097e48  /system/lib/libcutils.so
06-19 11:27:08.296  1324  1324 I DEBUG   :          bf8041fc  4008a2cf  /system/lib/libcutils.so (set_sched_policy+479)
06-19 11:27:08.296  1324  1324 I DEBUG   :          bf804200  00000009  
06-19 11:27:08.296  1324  1324 I DEBUG   :          bf804204  bf804247  [stack]
06-19 11:27:08.296  1324  1324 I DEBUG   :          bf804208  00000004  
06-19 11:27:08.296  1324  1324 I DEBUG   :          bf80420c  400808d8  /system/lib/libsurfaceflinger.so
06-19 11:27:08.296  1324  1324 I DEBUG   :          bf804210  400808d8  /system/lib/libsurfaceflinger.so
06-19 11:27:08.296  1324  1324 I DEBUG   :          bf804214  4006b4fa  /system/lib/libsurfaceflinger.so
06-19 11:27:08.296  1324  1324 I DEBUG   :          bf804218  41614838  [heap]
06-19 11:27:08.296  1324  1324 I DEBUG   :          bf80421c  4004ae59  /system/lib/libsurfaceflinger.so (android::SurfaceFlinger::onFirstRef()+105)
06-19 11:27:08.296  1324  1324 I DEBUG   :          ........  ........
06-19 11:27:08.296  1324  1324 I DEBUG   : 
06-19 11:27:08.296  1324  1324 I DEBUG   : memory map around fault addr 4005f461:
06-19 11:27:08.296  1324  1324 I DEBUG   :     40027000-40029000 r-- 
06-19 11:27:08.296  1324  1324 I DEBUG   :     40029000-4007a000 r-x /system/lib/libsurfaceflinger.so
06-19 11:27:08.296  1324  1324 I DEBUG   :     4007a000-40081000 r-- /system/lib/libsurfaceflinger.so
06-19 11:27:08.366  1321  1321 I ServiceManager: service 'media.audio_flinger' died
06-19 11:27:08.366  1321  1321 I ServiceManager: service 'media.player' died
06-19 11:27:08.366  1321  1321 I ServiceManager: service 'media.camera' died
06-19 11:27:13.406  1558  1558 I Netd    : Netd 1.0 starting
06-19 11:27:13.406  1558  1558 W InterfaceController: Warning (dlopen failed: library "/system/lib/libnetcmdiface.so" not found) while opening the net interface command library
06-19 11:27:13.416  1559  1559 I SurfaceFlinger: SurfaceFlinger is starting
06-19 11:27:13.456  1559  1559 I SurfaceFlinger: SurfaceFlinger's main thread ready to run. Initializing graphics H/W...
06-19 11:27:13.456  1559  1559 D libEGL  : 3D hardware acceleration is disabled
